
 Start         Length     Name                   Class
 0001:00401000 0008F620H .text                   CODE
 0002:00491000 00000A14H .itext                  ICODE
 0003:00492000 00004DE8H .data                   DATA
 0004:00497000 00006624H .bss                    BSS
 0005:00000000 00000210H .tls                    TLS


Detailed map of segments

 0001:00000000 000095C5 C=CODE     S=.text    G=(none)   M=System   ACBP=A9
 0001:000095C8 0000010D C=CODE     S=.text    G=(none)   M=SysInit  ACBP=A9
 0001:000096D8 000000D2 C=CODE     S=.text    G=(none)   M=Types    ACBP=A9
 0001:000097AC 000013E9 C=CODE     S=.text    G=(none)   M=Windows  ACBP=A9
 0001:0000AB98 000004E3 C=CODE     S=.text    G=(none)   M=madTypes ACBP=A9
 0001:0000B07C 00005054 C=CODE     S=.text    G=(none)   M=madStrings ACBP=A9
 0001:000100D0 0000174C C=CODE     S=.text    G=(none)   M=madNVPrgrAlert ACBP=A9
 0001:0001181C 00004269 C=CODE     S=.text    G=(none)   M=madTools ACBP=A9
 0001:00015A88 0000717C C=CODE     S=.text    G=(none)   M=madDisAsm ACBP=A9
 0001:0001CC04 00004E2D C=CODE     S=.text    G=(none)   M=madZip   ACBP=A9
 0001:00021A34 00000C51 C=CODE     S=.text    G=(none)   M=madCrypt ACBP=A9
 0001:00022688 000075ED C=CODE     S=.text    G=(none)   M=madMapFile ACBP=A9
 0001:00029C78 00005276 C=CODE     S=.text    G=(none)   M=madStackTrace ACBP=A9
 0001:0002EEF0 0000345C C=CODE     S=.text    G=(none)   M=madNVBitmap ACBP=A9
 0001:0003234C 00007038 C=CODE     S=.text    G=(none)   M=madNVAssistant ACBP=A9
 0001:00039384 00000016 C=CODE     S=.text    G=(none)   M=CommCtrl ACBP=A9
 0001:0003939C 0000000E C=CODE     S=.text    G=(none)   M=ShellAPI ACBP=A9
 0001:000393AC 00000016 C=CODE     S=.text    G=(none)   M=CommDlg  ACBP=A9
 0001:000393C4 000002E0 C=CODE     S=.text    G=(none)   M=SysConst ACBP=A9
 0001:000396A4 00000086 C=CODE     S=.text    G=(none)   M=WinSock  ACBP=A9
 0001:0003972C 000421DE C=CODE     S=.text    G=(none)   M=madExcept ACBP=A9
 0001:0007B90C 00000007 C=CODE     S=.text    G=(none)   M=madLinkDisAsm ACBP=A9
 0001:0007B914 000010D8 C=CODE     S=.text    G=(none)   M=madListHardware ACBP=A9
 0001:0007C9EC 00000F24 C=CODE     S=.text    G=(none)   M=madListProcesses ACBP=A9
 0001:0007D910 00000620 C=CODE     S=.text    G=(none)   M=madListModules ACBP=A9
 0001:0007DF30 00000367 C=CODE     S=.text    G=(none)   M=BTAESUtil ACBP=A9
 0001:0007E298 00001B13 C=CODE     S=.text    G=(none)   M=BTAES    ACBP=A9
 0001:0007FDAC 00000010 C=CODE     S=.text    G=(none)   M=RTLConsts ACBP=A9
 0001:0007FDBC 00000131 C=CODE     S=.text    G=(none)   M=StrUtils ACBP=A9
 0001:0007FEF0 000084BF C=CODE     S=.text    G=(none)   M=SysUtils ACBP=A9
 0001:000883B0 000007D3 C=CODE     S=.text    G=(none)   M=VarUtils ACBP=A9
 0001:00088B84 000035EC C=CODE     S=.text    G=(none)   M=Variants ACBP=A9
 0001:0008C170 000034B0 C=CODE     S=.text    G=(none)   M=BTAES128 ACBP=A9
 0002:00000000 000000AA C=ICODE    S=.itext   G=(none)   M=System   ACBP=A9
 0002:000000AC 00000016 C=ICODE    S=.itext   G=(none)   M=Windows  ACBP=A9
 0002:000000C4 00000008 C=ICODE    S=.itext   G=(none)   M=madStrings ACBP=A9
 0002:000000CC 0000002F C=ICODE    S=.itext   G=(none)   M=madTools ACBP=A9
 0002:000000FC 00000008 C=ICODE    S=.itext   G=(none)   M=madDisAsm ACBP=A9
 0002:00000104 00000047 C=ICODE    S=.itext   G=(none)   M=madMapFile ACBP=A9
 0002:0000014C 0000003B C=ICODE    S=.itext   G=(none)   M=madStackTrace ACBP=A9
 0002:00000188 000000E4 C=ICODE    S=.itext   G=(none)   M=madExcept ACBP=A9
 0002:0000026C 00000017 C=ICODE    S=.itext   G=(none)   M=madLinkDisAsm ACBP=A9
 0002:00000284 00000084 C=ICODE    S=.itext   G=(none)   M=madListHardware ACBP=A9
 0002:00000308 00000080 C=ICODE    S=.itext   G=(none)   M=madListProcesses ACBP=A9
 0002:00000388 00000078 C=ICODE    S=.itext   G=(none)   M=madListModules ACBP=A9
 0002:00000400 000000AC C=ICODE    S=.itext   G=(none)   M=SysUtils ACBP=A9
 0002:000004AC 0000000F C=ICODE    S=.itext   G=(none)   M=VarUtils ACBP=A9
 0002:000004BC 000000AA C=ICODE    S=.itext   G=(none)   M=Variants ACBP=A9
 0002:00000568 000004AC C=ICODE    S=.itext   G=(none)   M=BTAES128 ACBP=A9
 0003:00000000 00000A0C C=DATA     S=.data    G=DGROUP   M=System   ACBP=A9
 0003:00000A0C 00000024 C=DATA     S=.data    G=DGROUP   M=SysInit  ACBP=A9
 0003:00000A30 0000000C C=DATA     S=.data    G=DGROUP   M=Windows  ACBP=A9
 0003:00000A3C 000002DC C=DATA     S=.data    G=DGROUP   M=madStrings ACBP=A9
 0003:00000D18 000000A0 C=DATA     S=.data    G=DGROUP   M=madTools ACBP=A9
 0003:00000DB8 0000084D C=DATA     S=.data    G=DGROUP   M=madDisAsm ACBP=A9
 0003:00001608 000010C4 C=DATA     S=.data    G=DGROUP   M=madZip   ACBP=A9
 0003:000026CC 0000108C C=DATA     S=.data    G=DGROUP   M=madCrypt ACBP=A9
 0003:00003758 00000020 C=DATA     S=.data    G=DGROUP   M=madMapFile ACBP=A9
 0003:00003778 00000004 C=DATA     S=.data    G=DGROUP   M=madStackTrace ACBP=A9
 0003:0000377C 00000010 C=DATA     S=.data    G=DGROUP   M=madNVAssistant ACBP=A9
 0003:0000378C 00000B38 C=DATA     S=.data    G=DGROUP   M=madExcept ACBP=A9
 0003:000042C4 00000018 C=DATA     S=.data    G=DGROUP   M=madListProcesses ACBP=A9
 0003:000042DC 000004FE C=DATA     S=.data    G=DGROUP   M=BTAESBox ACBP=A9
 0003:000047DC 000002A8 C=DATA     S=.data    G=DGROUP   M=SysUtils ACBP=A9
 0003:00004A84 00000008 C=DATA     S=.data    G=DGROUP   M=VarUtils ACBP=A9
 0003:00004A8C 0000007E C=DATA     S=.data    G=DGROUP   M=Variants ACBP=A9
 0004:00000000 00002C34 C=BSS      S=.bss     G=DGROUP   M=System   ACBP=A9
 0004:00002C34 0000000C C=BSS      S=.bss     G=DGROUP   M=SysInit  ACBP=A9
 0004:00002C40 00000008 C=BSS      S=.bss     G=DGROUP   M=Windows  ACBP=A9
 0004:00002C48 00000004 C=BSS      S=.bss     G=DGROUP   M=madTypes ACBP=A9
 0004:00002C4C 0000000C C=BSS      S=.bss     G=DGROUP   M=madStrings ACBP=A9
 0004:00002C58 00000028 C=BSS      S=.bss     G=DGROUP   M=madTools ACBP=A9
 0004:00002C80 00000004 C=BSS      S=.bss     G=DGROUP   M=madDisAsm ACBP=A9
 0004:00002C84 00001110 C=BSS      S=.bss     G=DGROUP   M=madZip   ACBP=A9
 0004:00003D94 00000008 C=BSS      S=.bss     G=DGROUP   M=madMapFile ACBP=A9
 0004:00003D9C 0000002C C=BSS      S=.bss     G=DGROUP   M=madStackTrace ACBP=A9
 0004:00003DC8 000000D0 C=BSS      S=.bss     G=DGROUP   M=madExcept ACBP=A9
 0004:00003E98 00000004 C=BSS      S=.bss     G=DGROUP   M=madLinkDisAsm ACBP=A9
 0004:00003E9C 00000004 C=BSS      S=.bss     G=DGROUP   M=madListHardware ACBP=A9
 0004:00003EA0 00000004 C=BSS      S=.bss     G=DGROUP   M=madListProcesses ACBP=A9
 0004:00003EA4 00000004 C=BSS      S=.bss     G=DGROUP   M=madListModules ACBP=A9
 0004:00003EA8 00000018 C=BSS      S=.bss     G=DGROUP   M=BTAES    ACBP=A9
 0004:00003EC0 00002224 C=BSS      S=.bss     G=DGROUP   M=SysUtils ACBP=A9
 0004:000060E4 0000005C C=BSS      S=.bss     G=DGROUP   M=VarUtils ACBP=A9
 0004:00006140 00000040 C=BSS      S=.bss     G=DGROUP   M=Variants ACBP=A9
 0004:00006180 000004A1 C=BSS      S=.bss     G=DGROUP   M=BTAES128 ACBP=A9
 0005:00000000 00000008 C=TLS      S=.tls     G=(none)   M=System   ACBP=A9
 0005:00000008 00000208 C=TLS      S=.tls     G=(none)   M=madExcept ACBP=A9


  Address             Publics by Name

 0001:0007E298       BTAES..TBTAES128
 0004:00003EBC       BTAES.key1
 0001:0007EFF8       BTAES.TBTAES128.convertKeyString
 0001:0007E844       BTAES.TBTAES128.decrypt
 0001:0007E6A4       BTAES.TBTAES128.decrypt
 0001:0007EE74       BTAES.TBTAES128.decryptNextBlock
 0001:0007ED0C       BTAES.TBTAES128.decryptNextBlock
 0001:0007E5D0       BTAES.TBTAES128.encrypt
 0001:0007E778       BTAES.TBTAES128.encrypt
 0001:0007EA78       BTAES.TBTAES128.encryptNextBlock
 0001:0007EBB4       BTAES.TBTAES128.encryptNextBlock
 0001:0007F5E8       BTAES.TBTAES128.FFMul
 0001:0007E944       BTAES.TBTAES128.fillState
 0001:0007E910       BTAES.TBTAES128.fillState
 0001:0007F0BC       BTAES.TBTAES128.getRCon
 0001:0007F904       BTAES.TBTAES128.invMixColumns
 0001:0007F3F4       BTAES.TBTAES128.invshiftRows
 0001:0007F530       BTAES.TBTAES128.invsubBytes
 0001:0007F13C       BTAES.TBTAES128.keyExpansion128
 0001:0007F61C       BTAES.TBTAES128.mixcolumns
 0001:0007E424       BTAES.TBTAES128.selfTest
 0001:0007F37C       BTAES.TBTAES128.shiftRows
 0001:0007F478       BTAES.TBTAES128.subBytes
 0001:0007F0F4       BTAES.TBTAES128.subWord
 0001:0007F274       BTAES.TBTAES128.xorRoundKey
 0004:00003EAC       BTAES.temp2
 0004:00003EA8       BTAES.tempx
 0004:00003EA9       BTAES.tempy
 0002:00000568       BTAES128.BTAES128
 0001:0008C170       BTAES128.Finalization
 0004:00006180       BTAES128.inFile
 0004:00006620       BTAES128.Mode
 0004:000063D0       BTAES128.outFile
 0003:000044DC       BTAESBox.FFlog
 0003:000045DC       BTAESBox.FFpow
 0003:000042DC       BTAESBox.sBox
 0003:000043DC       BTAESBox.sBoxInv
 0001:0007E11C       BTAESUtil.hexChar
 0001:0007DFC4       BTAESUtil.hexToBit
 0001:0007E0B0       BTAESUtil.hexToByte
 0001:0007E1E0       BTAESUtil.hexToString
 0001:0007DF84       BTAESUtil.rotWord
 0001:0007DF30       BTAESUtil.xorWord
 0001:0003938C       CommCtrl.ImageList_Create
 0001:00039394       CommCtrl.ImageList_Destroy
 0001:00039384       CommCtrl.InitCommonControls
 0001:000393AC       CommDlg.GetSaveFileNameA
 0001:000393B4       CommDlg.GetSaveFileNameW
 0001:000393BC       CommDlg.PrintDlg
 0003:00003718       madCrypt.b64
 0003:000026D0       madCrypt.CPArr
 0001:00021A60       madCrypt.crypt2dwords
 0001:00021F28       madCrypt.cryptBuf
 0003:00002718       madCrypt.CSArr
 0001:00022470       madCrypt.Decode
 0001:0002260C       madCrypt.Decode
 0003:000026CC       madCrypt.DecodeA
 0001:0002213C       madCrypt.Decrypt
 0001:000223F4       madCrypt.Encode
 0001:000222BC       madCrypt.Encode
 0001:00022274       madCrypt.OldDecrypt
 0001:0002222C       madCrypt.OldEncrypt
 0001:00021E20       madCrypt.SetPassword
 0001:00021A34       madCrypt.SwapDword
 0004:00002C80       madDisAsm..1
 0001:0001A018       madDisAsm.AddCodeArea
 0001:0001B418       madDisAsm.AddLine
 0001:0001A1B4       madDisAsm.AddSpecialBlock
 0003:00000DC4       madDisAsm.BcbInitExceptBlockLDTC
 0003:000013B4       madDisAsm.C3dNowLabels
 0001:0001AC4C       madDisAsm.CalcCodeBegin
 0001:000180D0       madDisAsm.CalcMSize
 0003:000013AC       madDisAsm.Ccc
 0003:000015B8       madDisAsm.CEmptyFunctionInfo
 0003:00000DB8       madDisAsm.CErrorStr_InvalidCode
 0001:0001A27C       madDisAsm.CheckAddTarget
 0001:00019220       madDisAsm.CheckFunctionName
 0001:00016BA8       madDisAsm.CheckPrefix
 0001:0001785C       madDisAsm.CheckRegState
 0001:00019408       madDisAsm.CheckStringData
 0001:000175A8       madDisAsm.CheckTarget
 0001:0001C9AC       madDisAsm.CheckTryRead
 0003:00000DC8       madDisAsm.CKernel32
 0003:00000DCC       madDisAsm.CKernelbase
 0001:00017F74       madDisAsm.CodeToHex
 0003:00000DD8       madDisAsm.COpcodeFlags
 0003:00000FD8       madDisAsm.COpcodeFlags0f
 0003:000011D8       madDisAsm.COpcodeFlagsEx
 0003:000013B8       madDisAsm.COpcodeLabelIndex
 0003:000014B8       madDisAsm.COpcodeLabelIndex0f
 0003:000013B0       madDisAsm.COpcodeLabels
 0003:00000DD0       madDisAsm.CReadProcessMemory
 0003:0000132C       madDisAsm.CRegLabels
 0003:00000DD4       madDisAsm.CWriteProcessMemory
 0001:00018194       madDisAsm.DisAsmModRm
 0001:0001B90C       madDisAsm.DoItAll
 0001:0001C974       madDisAsm.EndTryRead
 0003:00001604       madDisAsm.FastPageExecute
 0001:0001CB9C       madDisAsm.Finalization
 0001:0001B384       madDisAsm.FindCodeArea
 0001:0001ACEC       madDisAsm.FindCodeArea
 0001:00017FB4       madDisAsm.FindProcName
 0003:000015F8       madDisAsm.FMagic
 0003:000015FC       madDisAsm.FMagic95
 0003:00001600       madDisAsm.FMagicReady
 0001:0001C708       madDisAsm.Fs
 0001:00015F70       madDisAsm.GetHalt0Addr
 0001:00015F50       madDisAsm.GetHandleAnyExceptionAddr
 0001:00015F60       madDisAsm.GetHandleAutoExceptionAddr
 0001:00015F68       madDisAsm.GetHandleFinallyAddr
 0001:00015F58       madDisAsm.GetHandleOnExceptionAddr
 0001:00018748       madDisAsm.GetLabel
 0003:00000DC0       madDisAsm.GetLineNumber
 0003:00000DBC       madDisAsm.GetProcNameFromMapFile
 0001:000170A0       madDisAsm.IsValidOpcode
 0001:00018D1C       madDisAsm.IxToDw
 0001:0001900C       madDisAsm.IxToInt
 0002:000000FC       madDisAsm.madDisAsm
 0001:0001C70C       madDisAsm.Magic
 0001:0001C7D4       madDisAsm.Magic95
 0001:00019F60       madDisAsm.ParseCode
 0001:00019FE4       madDisAsm.ParseCode
 0001:00017D48       madDisAsm.ParseCode
 0001:0001963C       madDisAsm.ParseCode
 0001:0001A7F4       madDisAsm.ParseCodeArea
 0001:00019FFC       madDisAsm.ParseCode_
 0001:0001B33C       madDisAsm.ParseFunction
 0001:0001C464       madDisAsm.ParseFunctionEx
 0001:0001AD38       madDisAsm.ParseFunction_
 0001:00016FBC       madDisAsm.ParseImmediateData
 0001:00016CC4       madDisAsm.ParseModRm
 0001:00018BB8       madDisAsm.RegStr
 0001:00018028       madDisAsm.St
 0001:0001C874       madDisAsm.StartTryRead
 0001:0001CA78       madDisAsm.TryRead
 0004:00003DCC       madExcept..3
 0001:0006D574       madExcept..EExternal
 0001:0006D628       madExcept..EExternalException
 0001:00062FA4       madExcept..TExceptionBox
 0001:000459D4       madExcept..TIMEAttachments
 0001:000478D8       madExcept..TIMEException
 0001:00046004       madExcept..TIMEFields
 0001:00040D40       madExcept..TIMESettings
 0001:00053DA0       madExcept..TSmtp
 0001:00056D78       madExcept..TWinHttp
 0004:00003DD8       madExcept.ActionHandlers
 0004:00003DDC       madExcept.ActionHandlersOO
 0003:0000379C       madExcept.AddCmdLineToBugRep
 0001:0006773C       madExcept.AddColumnStr
 0001:0005B6F4       madExcept.AddFields
 0001:0005FF74       madExcept.AddHeaderInfo
 0001:0006F60C       madExcept.AddItem
 0001:0007285C       madExcept.AddItem
 0001:0003EF28       madExcept.AddMEProperty
 0001:0006ECBC       madExcept.AddPatch
 0001:000790F8       madExcept.AddPtr
 0001:0006D45C       madExcept.AllocOutOfMemoryInsurance
 0003:00003838       madExcept.AmHttpServer
 0003:000038B8       madExcept.AmInMeInit
 0003:000038BC       madExcept.AmInModuleFinal
 0003:000040EC       madExcept.AmInTraceProcess
 0003:000038B4       madExcept.AmMeBpl
 0001:000515F4       madExcept.AmOnline
 0003:000040F8       madExcept.AmSyncingHandlers
 0001:00067144       madExcept.AnalyzePiece
 0001:000584BC       madExcept.AnsiToGlobalUnicode
 0003:00004118       madExcept.AntiFreezeCnt
 0003:00004114       madExcept.AntiFreezeMsg
 0003:0000411C       madExcept.AntiFreezePause
 0003:00004120       madExcept.AntiFreezePauseEvent
 0003:00004124       madExcept.AntiFreezeStopEvent
 0003:0000410C       madExcept.AntiFreezeTh
 0001:0004A598       madExcept.AntiFreezeThread
 0003:00004108       madExcept.AntiFreezeTid
 0003:00004128       madExcept.AntiFreezeTls
 0003:00004110       madExcept.AntiFreezeWnd
 0003:00004240       madExcept.Armadillo
 0003:00004244       madExcept.BeginThread_Begin
 0003:00004248       madExcept.BeginThread_End
 0003:0000383C       madExcept.BugReportHtml
 0003:00004210       madExcept.CAdminSia
 0001:00079190       madExcept.CalcCheckSum
 0001:0003A1C4       madExcept.CalibrateCode
 0003:00003834       madExcept.CalibrateData
 0003:0000428C       madExcept.CalibrateLeakCheckingProc
 0001:000795E8       madExcept.CalibrateModule
 0001:000797CC       madExcept.CalibrateModules
 0001:00077304       madExcept.CallThreadProcSafe
 0003:00004198       madExcept.CBoundary
 0003:000040E0       madExcept.CDfmHeader
 0003:00004178       madExcept.CEncodeMailto
 0003:00004158       madExcept.CEncodeSmtp
 0003:000038F0       madExcept.CEveryoneSia
 0003:0000388C       madExcept.CGIApp_TCGIApplication_CGIHandleException
 0001:0003D288       madExcept.CheckAutoBtn
 0001:0006C778       madExcept.CheckAutoSave
 0001:0006CA1C       madExcept.CheckAutoStuff
 0001:00063BA4       madExcept.CheckColDec
 0001:0004A920       madExcept.CheckEMailAddress
 0001:0003E308       madExcept.CheckExceptAddr
 0001:0003E124       madExcept.CheckExceptParams
 0001:000791EC       madExcept.CheckFileCrc
 0001:00075050       madExcept.CheckFilters
 0001:00078FD8       madExcept.CheckRestart
 0001:00059268       madExcept.ChooseAuthScheme
 0003:00003888       madExcept.Classes_CheckSynchronize
 0001:0005A370       madExcept.ClearEmail
 0001:0003E0DC       madExcept.ClearLastException
 0003:0000429C       madExcept.ClearLeaksProc
 0001:0003B06C       madExcept.ClearTempPath
 0001:0007B5AC       madExcept.Close
 0001:0004A7C8       madExcept.CloseAntiFreeze
 0003:000037A4       madExcept.CloseAppExitCode
 0001:00062E74       madExcept.CloseApplication
 0001:00053700       madExcept.CloseAttachFiles
 0001:00077EF0       madExcept.CloseCreateThreadHook
 0001:0004A078       madExcept.CloseFireHandlers
 0001:0006D318       madExcept.CloseHandleExceptionThread
 0001:0007815C       madExcept.CloseMessageHooks
 0003:0000378C       madExcept.CMadExceptVersionString
 0003:00003960       madExcept.CMEProperties
 0003:0000419C       madExcept.CMonths
 0003:000038D8       madExcept.CNtObjAttr
 0001:000676E0       madExcept.ColumnExists
 0001:00060124       madExcept.CompareHeaderInfo
 0001:0006DC0C       madExcept.CompletePhaseHandlerExists
 0001:0003B2EC       madExcept.CompName
 0001:00049B2C       madExcept.ContainsSyncHandler
 0003:0000384C       madExcept.CrashOnOverrun
 0001:00076814       madExcept.CreateAVStr
 0001:00069A34       madExcept.CreateButton
 0001:000683D4       madExcept.CreateListView
 0004:00003E8C       madExcept.CreateRemoteThreadExNext
 0003:00004260       madExcept.CreateRemoteThreadHookAbsPos
 0003:00004264       madExcept.CreateRemoteThreadHookAbsRestore
 0003:00004258       madExcept.CreateRemoteThreadHookRelPos
 0003:0000425C       madExcept.CreateRemoteThreadHookRelRestore
 0004:00003E88       madExcept.CreateRemoteThreadNext
 0001:0006992C       madExcept.CreateWindow_
 0001:0006B0DC       madExcept.CreateWindow_
 0003:000041CC       madExcept.CRes
 0003:00003900       madExcept.CsVersion
 0003:000038F8       madExcept.CSystemSia
 0003:000037E8       madExcept.CustomizeSimpleMsgBox
 0001:00066F8C       madExcept.CutInPieces
 0003:00004130       madExcept.CValidChars
 0001:00063BFC       madExcept.DecCol
 0001:00056C5C       madExcept.DecryptPassword
 0001:0006B654       madExcept.DefaultBugReportHtml
 0001:00064754       madExcept.DefWindowProcX
 0003:000042C0       madExcept.DelphiAlignment
 0003:00003848       madExcept.DelphiDebugMm
 0001:0003F914       madExcept.DereferenceMeSettingsBuf
 0001:0003FECC       madExcept.DereferenceMeSettingsModule
 0003:000037A0       madExcept.DetectConsole
 0003:00003840       madExcept.DisAsmFunc
 0003:000042BC       madExcept.dllName
 0001:0006C894       madExcept.DoExceptionAutoStuff
 0001:00049C38       madExcept.DoFireHandlers
 0003:00003804       madExcept.DontAddDots
 0003:00003828       madExcept.DontBase64HttpUpload
 0003:000037FC       madExcept.DontPrettifyExceptMsg
 0003:000037D0       madExcept.DontReformatExcMsg
 0001:00063FF4       madExcept.DrawLine
 0003:000037AC       madExcept.DumbStackTrace
 0001:00076350       madExcept.Ebp
 0001:0006D708       madExcept.EExternalException.Create
 0003:0000380C       madExcept.EnableRedirection
 0001:00051DE0       madExcept.EncodeStr
 0001:0003F624       madExcept.EnterSettingsMutex
 0001:00076348       madExcept.Esp
 0003:0000427C       madExcept.ExceptDllInitDone
 0004:00003DD0       madExcept.ExceptHandlers
 0004:00003DD4       madExcept.ExceptHandlersOO
 0003:00003824       madExcept.ExceptionBoxHeight
 0003:00003820       madExcept.ExceptionBoxWidth
 0003:0000421C       madExcept.exceptionNumber
 0001:0003D668       madExcept.ExpandVars
 0001:0005FA94       madExcept.ExtractBugReportHeaderField
 0001:0005FC48       madExcept.ExtractBugReportSection
 0001:0005DE14       madExcept.ExtractProjects
 0001:000597D0       madExcept.ExtractResult
 0001:00059888       madExcept.ExtractXml2
 0001:0003DFA0       madExcept.FillClipboard
 0001:0005BEE8       madExcept.FillDoubleLists
 0001:0005C0AC       madExcept.FillList
 0001:0005D9CC       madExcept.FillMultiLists
 0001:0003FA60       madExcept.FillProps
 0001:0007B75C       madExcept.Finalization
 0001:00076700       madExcept.FinalizeUnitsCrash
 0001:000798BC       madExcept.FindActiveErrorSearchBpls
 0001:0007945C       madExcept.FindBpl
 0001:00074F84       madExcept.FindClass
 0001:00065FD8       madExcept.FindColumns
 0001:00065DC0       madExcept.FindLines
 0001:0003F4E0       madExcept.FindMEProperty
 0001:0004F694       madExcept.FindMeSettings
 0001:00049200       madExcept.FireHandlers
 0003:000040F4       madExcept.FireHandlersMsg
 0003:000040F0       madExcept.FireHandlersWnd
 0003:00003860       madExcept.FMX_TApplication_HandleException
 0003:00003864       madExcept.FMX_TApplication_ShowException
 0003:000037F0       madExcept.FollowRedirect
 0001:0005FDCC       madExcept.ForceDir
 0003:000037C8       madExcept.ForceUtf8
 0001:0003DF24       madExcept.FormatExceptMessage
 0001:00050A38       madExcept.FormatMailAddr
 0003:00003850       madExcept.Forms_TApplication_HandleException
 0003:00003854       madExcept.Forms_TApplication_ShowException
 0001:00051DD4       madExcept.FourBitToHex
 0001:0003E09C       madExcept.FreeInnerException
 0001:0006D4E8       madExcept.FreeOutOfMemoryInsurance
 0001:0006EFD4       madExcept.FreePatches
 0001:0003FE6C       madExcept.FreeProps
 0003:0000412C       madExcept.FreezeTimeout
 0001:0006E934       madExcept.Get9xResourceReport
 0001:0006EBE4       madExcept.GetAllocatedMemory
 0003:00004280       madExcept.GetApiVersionProc
 0001:000781C8       madExcept.GetBugReport
 0001:00071C34       madExcept.GetCleartextDisAsm
 0001:0006E66C       madExcept.GetCpuCount
 0001:0006E568       madExcept.GetCpuName
 0001:00071574       madExcept.GetCpuRegisters
 0001:00055AA0       madExcept.GetDateTimeStr
 0001:0006F478       madExcept.GetDiskStr
 0001:0006EA00       madExcept.GetDisplayModeString
 0001:00052530       madExcept.GetDnsIps
 0001:00074F6C       madExcept.GetExceptBoxHandle
 0001:00074E94       madExcept.GetExceptBoxHandle_EnumWindowsProc
 0001:0003DD08       madExcept.GetExceptClass_
 0001:0003DDA0       madExcept.GetExceptMessage_
 0001:0004B018       madExcept.GetFileTime
 0001:00052950       madExcept.GetLabel
 0001:0006EC08       madExcept.GetLargestFreeBlock
 0003:00004298       madExcept.GetLeakCallstackProc
 0003:00004294       madExcept.GetLeakReportProc
 0001:0006E7A0       madExcept.GetMemoryStatus
 0001:0003EF0C       madExcept.GetMeSettingsRes
 0001:00077FB4       madExcept.GetMessageCallbackA
 0001:00078000       madExcept.GetMessageCallbackW
 0001:00055BD8       madExcept.GetMessageId
 0001:0005372C       madExcept.GetMimeType
 0001:0003BB50       madExcept.GetModuleList
 0001:0006E324       madExcept.GetOsLanguageString
 0001:0006E26C       madExcept.GetOsVersionString
 0001:0006EB20       madExcept.GetProcessMemInfo
 0001:0003B874       madExcept.GetProcessSid
 0001:0006E454       madExcept.GetProgramUpTime
 0001:0003F9A4       madExcept.GetPropStr
 0001:0004B0E0       madExcept.GetScreenShotFile
 0001:0003B830       madExcept.GetSeconds
 0001:00052A80       madExcept.GetServers
 0001:0003D30C       madExcept.GetSpecialFolderW
 0001:00071960       madExcept.GetStackDump
 0001:0006E3F8       madExcept.GetSystemUpTime
 0001:00068388       madExcept.GetTabClientRect
 0001:0003CB34       madExcept.GetTebIndex
 0001:0003AD98       madExcept.GetTempPath
 0001:00072680       madExcept.GetThreadInfos
 0001:0003C700       madExcept.GetThreadInfoStr
 0001:0003A59C       madExcept.GetThreadList
 0001:000711C0       madExcept.GetThreadReport
 0001:00072900       madExcept.GetThreadStack
 0001:0004A590       madExcept.GetTlsPointer
 0001:0006DEB0       madExcept.GetTSClientName
 0001:00051558       madExcept.GoOnline
 0001:0004AB58       madExcept.HandleContactForm
 0001:000774A8       madExcept.HandleCreateThreadHook
 0001:0006D744       madExcept.HandleException
 0003:000041F0       madExcept.HandleExceptionClose
 0001:000790DC       madExcept.HandleExceptionHelper
 0003:000041FC       madExcept.HandleExceptionRP
 0003:00004204       madExcept.HandleExceptionRPEv
 0003:000041F8       madExcept.HandleExceptionTh
 0001:0006D0C8       madExcept.HandleExceptionThread
 0003:000041F4       madExcept.HandleExceptionTid
 0003:00004208       madExcept.HandleExceptionTls
 0003:00004200       madExcept.HandleExceptionWP
 0001:00076E98       madExcept.HandleHiddenException
 0003:00003830       madExcept.HandleMessagesInMainThread
 0003:000038C8       madExcept.HandlerSection
 0001:0004B170       madExcept.HandleScreenshotForm
 0003:000037CC       madExcept.HiddenAutoMailing
 0004:00003DE0       madExcept.HiddenHandlers
 0004:00003DE4       madExcept.HiddenHandlersOO
 0003:000042AC       madExcept.HideInitLeaksProc
 0001:00078F50       madExcept.HideLeak
 0001:00078F70       madExcept.HideLeak
 0004:00003E94       madExcept.HideLeakCallstackProc
 0003:000042A8       madExcept.HideLeakObjProc
 0003:000042A4       madExcept.HideLeakPtrProc
 0003:000038A8       madExcept.HInstance
 0001:000778D4       madExcept.HookedCreateRemoteThread
 0001:00077984       madExcept.HookedCreateRemoteThreadEx
 0001:00077828       madExcept.HookedCreateThread
 0001:00077AE4       madExcept.HookedQueueUserWorkItem
 0001:00077404       madExcept.HookedTThreadExecute
 0001:00075610       madExcept.HookExceptionGetStackTrace
 0001:000755B8       madExcept.HookExceptionRaisingException
 0003:00003894       madExcept.HttpExtensionProcNext
 0003:0000382C       madExcept.HttpUploadCleanEmail
 0001:000785EC       madExcept.HyperJumpCallstack
 0001:000784F4       madExcept.HyperJumpCallstack_EnumWindowProc
 0005:00000204       madExcept.IgnoreException
 0003:000037C0       madExcept.IgnoreSmtpCert
 0001:00079AF8       madExcept.Init
 0001:0004A6EC       madExcept.InitAntiFreeze
 0003:000038C0       madExcept.InitCrash
 0001:00077C94       madExcept.InitCreateThreadHook
 0001:0007876C       madExcept.InitExceptDll
 0001:0004A058       madExcept.InitFireHandlers
 0001:0006D238       madExcept.InitHandleExceptionThread
 0001:0003A1C8       madExcept.InitHInstance
 0001:0007804C       madExcept.InitMessageHooks
 0001:0003B8F4       madExcept.InitSecAttr
 0001:000766F0       madExcept.InitUnitsCrash
 0001:0003CBF8       madExcept.InRangeOrZero
 0001:000763A8       madExcept.InterceptAHandleExcept
 0001:00076380       madExcept.InterceptAShowExcept
 0001:000763EC       madExcept.InterceptCGIHandleException
 0001:000770D4       madExcept.InterceptClassDestroy
 0001:00076D84       madExcept.InterceptExceptionHandler
 0001:00076708       madExcept.InterceptExceptProc
 0001:0007668C       madExcept.InterceptFinalizeUnits
 0001:000770C4       madExcept.InterceptFreeExceptObject
 0001:000766E8       madExcept.InterceptHalt0FinalizeUnits
 0001:00076DE8       madExcept.InterceptHandleAutoException
 0001:00075FE8       madExcept.InterceptHttpExtensionProc
 0001:00076604       madExcept.InterceptInitializePackage
 0001:00076414       madExcept.InterceptISAPIHandleException
 0001:00075D0C       madExcept.InterceptServerSupportFunction
 0001:00076354       madExcept.InterceptSShowExcept
 0001:000764C4       madExcept.InterceptSynchronize
 0001:00076520       madExcept.InterceptWriteErrorMessage
 0001:0005DAC0       madExcept.InternalExtractProjects
 0001:0003BD28       madExcept.InvalidImportTable
 0003:0000423C       madExcept.IRCount
 0004:00003E84       madExcept.IRList
 0003:00004238       madExcept.IRSection
 0003:00003890       madExcept.ISAPIApp_TISAPIApplication_ISAPIHandleException
 0005:00000208       madExcept.isapiBugReport
 0005:0000020C       madExcept.isapiExceptAddr
 0001:0003D17C       madExcept.IsClass
 0001:0003E224       madExcept.IsCorrectExceptAddr
 0001:0004A088       madExcept.IsDelphiThread
 0001:0003CAE8       madExcept.IsNewCs
 0001:0003CB68       madExcept.IsProcessBlocked
 0001:000555F0       madExcept.IsReplyComplete
 0001:0003CB40       madExcept.IsSectionLocked
 0001:00072650       madExcept.IsThreadSuspended
 0001:0003BFF8       madExcept.IsTrueUnicodeString
 0001:0006DDF0       madExcept.IsUserAdmin
 0001:0003D1DC       madExcept.IsValidException
 0001:0003D120       madExcept.IsValidObject
 0001:0003CC0C       madExcept.IsValidObject2
 0001:0003D068       madExcept.IsValidObjectEx
 0001:0003AB50       madExcept.KillExt
 0003:00003910       madExcept.Last10Exceptions
 0005:00000014       madExcept.LastContext
 0005:00000138       madExcept.LastContext2
 0005:00000010       madExcept.LastExceptAddr
 0005:00000134       madExcept.LastExceptAddr2
 0005:000000E0       madExcept.LastExceptionRecord
 0005:0000000C       madExcept.LastExceptObject
 0005:00000130       madExcept.LastExceptObject2
 0003:00003810       madExcept.LastHttpErrorNo
 0003:00003814       madExcept.LastHttpErrorStr
 0003:00003818       madExcept.LastHttpPostReply
 0005:00000008       madExcept.LastInner
 0003:00003808       madExcept.LastMantisIssueId
 0003:000037F4       madExcept.LastRedirectURL
 0001:0003F6DC       madExcept.LeaveSettingsMutex
 0001:00076664       madExcept.Log1
 0002:00000188       madExcept.madExcept
 0003:000038CC       madExcept.madExceptBuf
 0003:00004218       madExcept.MadExceptPause
 0001:00078264       madExcept.madTraceProcess
 0001:000509DC       madExcept.MailAddrCount
 0001:00056814       madExcept.MailIt
 0003:00004100       madExcept.MainThreadSE
 0001:00076A98       madExcept.MapToRunError
 0001:0004F908       madExcept.MESettings
 0001:0004FA44       madExcept.MESettings
 0001:0004F834       madExcept.MESettings
 0003:000040E4       madExcept.meSettingsBuf
 0001:0004FA64       madExcept.MESettingsEx
 0001:0003AA9C       madExcept.ModuleName
 0001:00053070       madExcept.MxLookup
 0001:00075958       madExcept.MyExceptObjProc
 0001:000759F4       madExcept.MyExceptObjProc1
 0001:000759FC       madExcept.MyExceptObjProc2
 0001:00075AD0       madExcept.MyRaiseExceptProc
 0003:000040E8       madExcept.mySettings
 0001:0003C644       madExcept.NameThread
 0001:000509B8       madExcept.NewAttachments
 0001:00075114       madExcept.NewException
 0003:0000424C       madExcept.NextCreateThread
 0003:00004268       madExcept.NextGetMessageA
 0003:00004270       madExcept.NextGetMessageW
 0003:0000426C       madExcept.NextPeekMessageA
 0003:00004274       madExcept.NextPeekMessageW
 0003:00004250       madExcept.NextQueueUserWorkItem
 0003:000037C4       madExcept.NoOnlineCheck
 0001:00052BA8       madExcept.nslookup
 0003:000038D4       madExcept.NtOpenThreadProc
 0003:00004278       madExcept.OldExceptionFilter
 0003:00003790       madExcept.OnExceptBoxCreate
 0003:00003794       madExcept.OnExceptBoxDestroy
 0001:00075540       madExcept.OnExceptionCleanupStack
 0001:00053460       madExcept.OpenAttachFiles
 0001:0003A92C       madExcept.OpenThread
 0003:000038D0       madExcept.OpenThreadProc
 0003:00004104       madExcept.OtherThreadsSE
 0004:00003E30       madExcept.OutOfMemoryInsurance
 0003:0000420C       madExcept.OutOfMemoryInsuranceAllocated
 0004:00003E50       madExcept.OutOfMemoryInsuranceSection
 0001:0003C230       madExcept.PackAnsiString
 0001:0003C0D8       madExcept.PackUnicodeString
 0001:0003F020       madExcept.ParseMEProperties
 0001:000770F4       madExcept.PatchAPI
 0001:00077B10       madExcept.PatchCall2
 0001:0003BEE8       madExcept.PatchImportTable
 0001:0003BFA0       madExcept.PatchImportTables
 0001:0006F06C       madExcept.PatchInt
 0001:0006F038       madExcept.PatchJmp
 0004:00003E80       madExcept.PatchList
 0001:0006F084       madExcept.PatchPtr
 0004:00003E68       madExcept.PatchSection
 0001:0004A89C       madExcept.PauseFreezeCheck
 0001:0004A40C       madExcept.PauseMeEventually
 0001:00077FD8       madExcept.PeekMessageCallbackA
 0001:00078024       madExcept.PeekMessageCallbackW
 0003:00004224       madExcept.PExceptObjProc
 0001:000512B8       madExcept.Ping
 0003:00004154       madExcept.PingCount
 0004:00003DC8       madExcept.Plugins
 0003:00004228       madExcept.PMyExceptObjProc1
 0003:0000422C       madExcept.PMyExceptObjProc2
 0003:00004234       madExcept.PMyRaiseExceptProc
 0001:00050CA0       madExcept.PrepareAttachments
 0001:00067D20       madExcept.PrepareListView_AutoFormat
 0001:00066240       madExcept.PrepareListView_Columns
 0001:000665AC       madExcept.PrepareListView_CpuRegs
 0001:00066A98       madExcept.PrepareListView_DisAsm
 0001:00066510       madExcept.PrepareListView_Header
 0001:000663C8       madExcept.PrepareListView_Items
 0001:00066744       madExcept.PrepareListView_Modules
 0001:00066824       madExcept.PrepareListView_Processes
 0001:0006666C       madExcept.PrepareListView_StackDump
 0001:000677FC       madExcept.PrepareListView_Thread
 0001:00073104       madExcept.PrepareThreadReport
 0003:00003904       madExcept.PreviousIsValidModule
 0003:00003908       madExcept.PreviousIsValidModuleSize
 0001:0006262C       madExcept.PrintBugReport
 0003:00003798       madExcept.ProcessMainThreadId
 0003:000037B4       madExcept.ProxyBypass
 0003:000037BC       madExcept.ProxyPassword
 0003:000037B0       madExcept.ProxyServer
 0003:000037B8       madExcept.ProxyUserName
 0001:00049848       madExcept.PutAssisIntoBugReport
 0003:00003858       madExcept.Qforms_TApplication_HandleException
 0003:0000385C       madExcept.Qforms_TApplication_ShowException
 0003:00004230       madExcept.RaiseExceptionProc2
 0001:00076668       madExcept.RealStuff
 0001:0004A550       madExcept.ReceiveAntiFreeze
 0001:00049820       madExcept.ReceiveFireHandlers
 0001:0006CB18       madExcept.ReceiveHandleException
 0001:0003F6F0       madExcept.ReferenceMeSettingsBuf
 0001:0003FD34       madExcept.ReferenceMeSettingsModule
 0001:0003FF44       madExcept.RefreshProps
 0001:0003B734       madExcept.RegDelVal
 0001:0006DCC0       madExcept.RegisterBugReportPlugin
 0001:0003B3A0       madExcept.RegReadStr
 0001:0003B570       madExcept.RegWriteStr
 0001:0003AB9C       madExcept.RelativeToAbsolute
 0001:00075BD8       madExcept.RemoveIR
 0001:0007677C       madExcept.Replace1Str
 0001:0003D514       madExcept.ReplaceVersion
 0003:000038C4       madExcept.ReportFault
 0003:00003844       madExcept.ReportLeaks
 0003:00004290       madExcept.ReportLeaksNowProc
 0003:0000381C       madExcept.RequireAuthenticSsl
 0003:000037A8       madExcept.ResetFpuMode
 0001:00062C28       madExcept.RestartApplication
 0001:0004A4EC       madExcept.ResumeMainThread
 0001:00076D7C       madExcept.RtlUnwind
 0001:00060198       madExcept.SaveBugReportEx
 0001:00060FA4       madExcept.SendBugReportEx
 0001:00060F64       madExcept.SendBugReportExThread
 0001:00051980       madExcept.SendMapiMailEx
 0001:00051F9C       madExcept.SendShellMail
 0003:000042B8       madExcept.SetDebugMmAlignmentProc
 0001:00075714       madExcept.SetLastException
 0001:00075A08       madExcept.SetLastExceptionHelper
 0003:000042B0       madExcept.SetLeakOptionProc
 0001:0003F9F8       madExcept.SetPropStr
 0001:0003C3B8       madExcept.SetThreadInfo
 0003:00004150       madExcept.ShellExecuteExW
 0001:0003D2F4       madExcept.SHGetMalloc
 0001:0003D304       madExcept.SHGetPathFromIDListA
 0004:00003DE8       madExcept.SHGetPathFromIDListW
 0001:0003D2FC       madExcept.SHGetSpecialFolderLocation
 0003:000037EC       madExcept.ShowBugReportKey
 0001:0006C144       madExcept.ShowExceptBox
 0001:0006C3D0       madExcept.ShowException
 0004:00003E90       madExcept.ShowLeakReportProc
 0003:00003800       madExcept.ShowOuterExceptDetails
 0003:000037DC       madExcept.SmtpComputerName
 0003:000037D4       madExcept.SmtpMailFrom
 0001:000569DC       madExcept.SmtpOrUpload
 0003:000037D8       madExcept.SmtpReplyTo
 0003:000037E4       madExcept.SmtpServerPort
 0003:000037E0       madExcept.SmtpTimeout
 0001:00051828       madExcept.SplitEMailAddr
 0001:00078F90       madExcept.StartDebugMm
 0003:000042B4       madExcept.StartDebugMmProc
 0003:00004284       madExcept.StartLeakCheckingProc
 0001:00078DAC       madExcept.StartLeakChecking_
 0003:000038AC       madExcept.StartTime
 0003:00004288       madExcept.StopLeakCheckingProc
 0001:00052B74       madExcept.StrToSAddr
 0001:0004A1A0       madExcept.SuspendDelphiThreads
 0001:0004A524       madExcept.SuspendMainThread
 0003:000040FC       madExcept.SuspendSection
 0004:00003DEC       madExcept.SuspendThreadIds
 0001:0007912C       madExcept.System_ClassDestroy
 0001:00079104       madExcept.System_DoneExcept
 0003:000038A0       madExcept.System_ExceptionHandler
 0003:0000389C       madExcept.System_FinalizeUnits
 0003:0000390C       madExcept.System_FpuInit
 0001:00079118       madExcept.System_Halt0
 0001:00079154       madExcept.System_HandleAnyException
 0001:00079140       madExcept.System_HandleAutoException
 0001:00079168       madExcept.System_HandleOnException
 0003:00003898       madExcept.System_InitUnits
 0001:0007917C       madExcept.System_RaiseExcept
 0003:000038A4       madExcept.System_runErrMsg
 0003:00003880       madExcept.SysUtils_AnsiStrAlloc
 0003:0000387C       madExcept.SysUtils_Exception_Destroy
 0003:00003878       madExcept.SysUtils_Exception_GetStackTrace
 0003:00003874       madExcept.SysUtils_Exception_RaisingException
 0003:00003870       madExcept.SysUtils_InitializePackage
 0003:0000386C       madExcept.SysUtils_LoadPackage
 0003:00003868       madExcept.SysUtils_ShowException
 0003:00003884       madExcept.SysUtils_WideStrAlloc
 0001:000651BC       madExcept.TExceptionBox.BugReportChanged
 0001:0006897C       madExcept.TExceptionBox.CheckCurrentTab
 0001:000692C8       madExcept.TExceptionBox.CheckTabs
 0001:000646EC       madExcept.TExceptionBox.CloseMainWnd
 0001:0006B1F0       madExcept.TExceptionBox.Create
 0001:00069B7C       madExcept.TExceptionBox.Create
 0001:0006B444       madExcept.TExceptionBox.Destroy
 0001:0006478C       madExcept.TExceptionBox.DialogWndMethod
 0001:00064728       madExcept.TExceptionBox.DoDetails
 0001:00064074       madExcept.TExceptionBox.DrawButton
 0001:00063D18       madExcept.TExceptionBox.DrawGraphic
 0001:000650C8       madExcept.TExceptionBox.EditWndMethod
 0001:00064584       madExcept.TExceptionBox.FlashButton
 0001:00063A4C       madExcept.TExceptionBox.GetTextWidth
 0001:000651DC       madExcept.TExceptionBox.ListViewWndProc
 0001:0006B52C       madExcept.TExceptionBox.UpdateException
 0001:00077344       madExcept.ThreadExceptFrame
 0003:00004254       madExcept.ThreadsHooked
 0001:00050408       madExcept.TIMEAttachments.Add
 0001:000506CC       madExcept.TIMEAttachments.Clear
 0001:000507F0       madExcept.TIMEAttachments.ClearParent
 0001:00050744       madExcept.TIMEAttachments.Clone
 0001:00050948       madExcept.TIMEAttachments.Create
 0001:000505CC       madExcept.TIMEAttachments.Delete
 0001:00050988       madExcept.TIMEAttachments.Destroy
 0001:00050350       madExcept.TIMEAttachments.GetItem
 0001:0005034C       madExcept.TIMEAttachments.GetItemCount
 0001:00050334       madExcept.TIMEAttachments.Lock
 0001:000507F8       madExcept.TIMEAttachments.Modified
 0001:00050340       madExcept.TIMEAttachments.Unlock
 0001:00073FCC       madExcept.TIMEException.BeginUpdate
 0001:00074B00       madExcept.TIMEException.CloseApplication
 0001:00071D5C       madExcept.TIMEException.CompleteBugReport
 0001:00074A4C       madExcept.TIMEException.ContinueApplication
 0001:00074CC0       madExcept.TIMEException.Create
 0001:000744AC       madExcept.TIMEException.CriticalBugReportCallbackExists
 0001:00074D38       madExcept.TIMEException.Destroy
 0001:00073FD8       madExcept.TIMEException.EndUpdate
 0001:00074B68       madExcept.TIMEException.FindProp
 0001:000745F8       madExcept.TIMEException.FireChangeEvent
 0001:0006F3BC       madExcept.TIMEException.FireHandlers
 0001:00074C84       madExcept.TIMEException.FirstAutoSave
 0001:00074C6C       madExcept.TIMEException.FirstCompleteCallback
 0001:0006F108       madExcept.TIMEException.GetAppendScreenShot
 0001:00073818       madExcept.TIMEException.GetBugReport
 0001:0006F6B0       madExcept.TIMEException.GetBugReportHeader
 0001:000733BC       madExcept.TIMEException.GetBugReportSections
 0001:0006F0D8       madExcept.TIMEException.GetBugReport_
 0001:0006F100       madExcept.TIMEException.GetCallHandlers
 0001:0006F160       madExcept.TIMEException.GetCallstack
 0001:0006F304       madExcept.TIMEException.GetCallstackCrc
 0001:0006F0A4       madExcept.TIMEException.GetCanContinue
 0001:00072648       madExcept.TIMEException.GetCompleteThreadId
 0001:0006F318       madExcept.TIMEException.GetContext
 0001:0006F0BC       madExcept.TIMEException.GetCrashedThreadId
 0001:0006F0F0       madExcept.TIMEException.GetCreateBugReport
 0001:0006F0F8       madExcept.TIMEException.GetCreateScreenShot
 0001:0006F0B8       madExcept.TIMEException.GetExceptAddr
 0001:0006F1AC       madExcept.TIMEException.GetExceptClass
 0001:0006F328       madExcept.TIMEException.GetExceptionRecord
 0001:0006F24C       madExcept.TIMEException.GetExceptMessage
 0001:0006F0B4       madExcept.TIMEException.GetExceptObject
 0001:0006F0AC       madExcept.TIMEException.GetExceptType
 0001:00074C5C       madExcept.TIMEException.GetMailWasSaved
 0001:00074C4C       madExcept.TIMEException.GetMailWasSent
 0001:0006F0D0       madExcept.TIMEException.GetPackage
 0001:0006F09C       madExcept.TIMEException.GetPhase
 0001:0006F0C8       madExcept.TIMEException.GetRelatedObject
 0001:00073F2C       madExcept.TIMEException.GetScreenShot
 0001:0006F118       madExcept.TIMEException.GetShowAssistant
 0001:0006F110       madExcept.TIMEException.GetShowSetting
 0001:0006F0C0       madExcept.TIMEException.GetSource
 0001:0006F130       madExcept.TIMEException.GetThreadId
 0001:00074990       madExcept.TIMEException.PrintBugReport
 0001:00074C9C       madExcept.TIMEException.PSendThread
 0001:00074168       madExcept.TIMEException.RegisterBugReportCallback
 0001:00074000       madExcept.TIMEException.RegisterBugReportCallback
 0001:00074A94       madExcept.TIMEException.RestartApplication
 0001:000748C8       madExcept.TIMEException.SaveBugReport
 0001:000747A8       madExcept.TIMEException.SendBugReport
 0001:0006F394       madExcept.TIMEException.SetAppendScreenShot
 0001:000737F8       madExcept.TIMEException.SetBugReport
 0001:0006F38C       madExcept.TIMEException.SetCallHandlers
 0001:0006F368       madExcept.TIMEException.SetCanContinue
 0001:0006F37C       madExcept.TIMEException.SetCreateBugReport
 0001:0006F384       madExcept.TIMEException.SetCreateScreenShot
 0001:0006F33C       madExcept.TIMEException.SetExceptionRecord
 0001:0006F2EC       madExcept.TIMEException.SetExceptMessage
 0001:00074CA4       madExcept.TIMEException.SetInner
 0001:00074C64       madExcept.TIMEException.SetMailWasSaved
 0001:00074C54       madExcept.TIMEException.SetMailWasSent
 0001:00074564       madExcept.TIMEException.SetModified
 0001:0006F350       madExcept.TIMEException.SetPhase
 0001:00073FB4       madExcept.TIMEException.SetScreenShot
 0001:0006F3A4       madExcept.TIMEException.SetShowAssistant
 0001:0006F39C       madExcept.TIMEException.SetShowSetting
 0001:00074778       madExcept.TIMEException.Show
 0001:00074788       madExcept.TIMEException.ShowBugReport
 0001:000743D0       madExcept.TIMEException.UnregisterBugReportCallback
 0001:00074300       madExcept.TIMEException.UnregisterBugReportCallback
 0001:000502BC       madExcept.TIMEFields.AcceptData
 0001:0004FDE4       madExcept.TIMEFields.Add
 0001:0005016C       madExcept.TIMEFields.ClearExcParent
 0001:00050174       madExcept.TIMEFields.ClearMesParent
 0001:0005007C       madExcept.TIMEFields.Clone
 0001:000502C4       madExcept.TIMEFields.Create
 0001:00050060       madExcept.TIMEFields.Delete
 0001:0004FFB8       madExcept.TIMEFields.Delete
 0001:00050304       madExcept.TIMEFields.Destroy
 0001:0004FBB4       madExcept.TIMEFields.FindItem
 0001:0004FC38       madExcept.TIMEFields.GetContent
 0001:0004FACC       madExcept.TIMEFields.GetItem
 0001:0004FAC8       madExcept.TIMEFields.GetItemCount
 0001:0004FDEC       madExcept.TIMEFields.Insert
 0001:0004FA90       madExcept.TIMEFields.Lock
 0001:0005017C       madExcept.TIMEFields.Modified
 0001:000502B8       madExcept.TIMEFields.SetAddIndex
 0001:0004FCA8       madExcept.TIMEFields.SetContent
 0001:0004FB38       madExcept.TIMEFields.SetItem
 0001:0004FAAC       madExcept.TIMEFields.Unlock
 0001:0004B6FC       madExcept.TIMESettings.CheckFileCrc
 0001:0004B724       madExcept.TIMESettings.CheckForFreeze
 0001:0004B7B8       madExcept.TIMESettings.CrashOnOverrun
 0001:0004B81C       madExcept.TIMESettings.CrashOnUnderrun
 0001:0004F4AC       madExcept.TIMESettings.Create
 0001:0004F5C8       madExcept.TIMESettings.Destroy
 0001:0004B640       madExcept.TIMESettings.Enabled
 0001:0004F028       madExcept.TIMESettings.FillFormCache
 0001:0004EA14       madExcept.TIMESettings.FindProp
 0001:0004B748       madExcept.TIMESettings.FreezeTimeout
 0001:0004CDD4       madExcept.TIMESettings.GetAdditionalAttachments
 0001:0004CF4C       madExcept.TIMESettings.GetAdditionalFields
 0001:0004C5F0       madExcept.TIMESettings.GetAppendBugReports
 0001:0004E72C       madExcept.TIMESettings.GetAssistant
 0001:0004C42C       madExcept.TIMESettings.GetAttachBugReport
 0001:0004C454       madExcept.TIMESettings.GetAttachBugReportFile
 0001:0004B918       madExcept.TIMESettings.GetAutoClipboard
 0001:0004B9D4       madExcept.TIMESettings.GetAutoClose
 0001:0004B988       madExcept.TIMESettings.GetAutoContinue
 0001:0004B9F8       madExcept.TIMESettings.GetAutoDelay
 0001:0004B9B0       madExcept.TIMESettings.GetAutoRestart
 0001:0004B880       madExcept.TIMESettings.GetAutoSave
 0001:0004B8A4       madExcept.TIMESettings.GetAutoSaveIfNotSent
 0001:0004B8D0       madExcept.TIMESettings.GetAutoSend
 0001:0004B8F4       madExcept.TIMESettings.GetAutoSendPrgrBox
 0001:0004BF00       madExcept.TIMESettings.GetAutoShowBugReport
 0001:0004C8E4       madExcept.TIMESettings.GetBitFaultMsg
 0001:0004CDA4       madExcept.TIMESettings.GetBugReportFile
 0001:0004C618       madExcept.TIMESettings.GetBugReportFileSize
 0001:0004C4A8       madExcept.TIMESettings.GetBugReportSendAs
 0001:0004C4DC       madExcept.TIMESettings.GetBugReportZip
 0001:0004C14C       madExcept.TIMESettings.GetBugTrackerAccount
 0001:0004C1E8       madExcept.TIMESettings.GetBugTrackerArea
 0001:0004C218       madExcept.TIMESettings.GetBugTrackerAssignTo
 0001:0004CB60       madExcept.TIMESettings.GetBugTrackerDescription
 0001:0004C180       madExcept.TIMESettings.GetBugTrackerPassword
 0001:0004C1B4       madExcept.TIMESettings.GetBugTrackerProject
 0001:0004CB30       madExcept.TIMESettings.GetBugTrackerTitle
 0001:0004CA3C       madExcept.TIMESettings.GetCloseBtnCaption
 0001:0004BE20       madExcept.TIMESettings.GetCloseBtnVisible
 0001:0004CC84       madExcept.TIMESettings.GetConnectMsg
 0001:0004C9D4       madExcept.TIMESettings.GetContinueBtnCaption
 0001:0004BDD0       madExcept.TIMESettings.GetContinueBtnVisible
 0001:0004C480       madExcept.TIMESettings.GetDeleteBugReportFile
 0001:0004CA9C       madExcept.TIMESettings.GetDetailsBtnCaption
 0001:0004C690       madExcept.TIMESettings.GetDupExceptDef
 0001:0004C6C0       madExcept.TIMESettings.GetDupFreezeDef
 0001:0004C884       madExcept.TIMESettings.GetExceptMsg
 0001:0004CCE0       madExcept.TIMESettings.GetFieldsMsg
 0001:0004BCBC       madExcept.TIMESettings.GetFilter1Assistant
 0001:0004BA1C       madExcept.TIMESettings.GetFilter1Classes
 0001:0004BA7C       madExcept.TIMESettings.GetFilter1NoBugReport
 0001:0004BBC0       madExcept.TIMESettings.GetFilter1NoHandlers
 0001:0004BAE8       madExcept.TIMESettings.GetFilter1NoScreenShot
 0001:0004BB54       madExcept.TIMESettings.GetFilter1NoSuspend
 0001:0004BC38       madExcept.TIMESettings.GetFilter1ShowSetting
 0001:0004BCE8       madExcept.TIMESettings.GetFilter2Assistant
 0001:0004BA4C       madExcept.TIMESettings.GetFilter2Classes
 0001:0004BAA0       madExcept.TIMESettings.GetFilter2NoBugReport
 0001:0004BBE8       madExcept.TIMESettings.GetFilter2NoHandlers
 0001:0004BB0C       madExcept.TIMESettings.GetFilter2NoScreenShot
 0001:0004BB78       madExcept.TIMESettings.GetFilter2NoSuspend
 0001:0004BC64       madExcept.TIMESettings.GetFilter2ShowSetting
 0001:0004BE44       madExcept.TIMESettings.GetFocusedButton
 0001:0004C7F4       madExcept.TIMESettings.GetFormatDisassembly
 0001:0004C8B4       madExcept.TIMESettings.GetFrozenMsg
 0001:0004BD14       madExcept.TIMESettings.GetGeneralAssistant
 0001:0004BAC4       madExcept.TIMESettings.GetGeneralNoBugReport
 0001:0004BC10       madExcept.TIMESettings.GetGeneralNoHandlers
 0001:0004BB30       madExcept.TIMESettings.GetGeneralNoScreenShot
 0001:0004BB9C       madExcept.TIMESettings.GetGeneralNoSuspend
 0001:0004BC90       madExcept.TIMESettings.GetGeneralShowSetting
 0001:0004C77C       madExcept.TIMESettings.GetHideUglyItems
 0001:0004C0E8       madExcept.TIMESettings.GetHttpAccount
 0001:0004C118       madExcept.TIMESettings.GetHttpPassword
 0001:0004C0C4       madExcept.TIMESettings.GetHttpPort
 0001:0004C030       madExcept.TIMESettings.GetHttpServer
 0001:0004C0A4       madExcept.TIMESettings.GetHttpSsl
 0001:0004C81C       madExcept.TIMESettings.GetLimitDisassembly
 0001:0004C6F0       madExcept.TIMESettings.GetListThreads
 0001:0004BF74       madExcept.TIMESettings.GetMailAddr
 0001:0004C278       madExcept.TIMESettings.GetMailAsSmtpClient
 0001:0004C24C       madExcept.TIMESettings.GetMailAsSmtpServer
 0001:0004CBC0       madExcept.TIMESettings.GetMailBody
 0001:0004C5C0       madExcept.TIMESettings.GetMailFrom
 0001:0004CB90       madExcept.TIMESettings.GetMailSubject
 0001:0004C404       madExcept.TIMESettings.GetMailViaMailto
 0001:0004C3E0       madExcept.TIMESettings.GetMailViaMapi
 0001:0004CC54       madExcept.TIMESettings.GetMxLookupMsg
 0001:0004C640       madExcept.TIMESettings.GetNoDupExcepts
 0001:0004C668       madExcept.TIMESettings.GetNoDupFreezes
 0001:0004BF28       madExcept.TIMESettings.GetNoOwnerDrawButtons
 0001:0004CA6C       madExcept.TIMESettings.GetOkBtnCaption
 0001:0004CB00       madExcept.TIMESettings.GetPleaseWaitText
 0001:0004CAD0       madExcept.TIMESettings.GetPleaseWaitTitle
 0001:0004D090       madExcept.TIMESettings.GetPluginEnabled
 0001:0004CC24       madExcept.TIMESettings.GetPrepareAttachMsg
 0001:0004BED0       madExcept.TIMESettings.GetPrintAssistant
 0001:0004C974       madExcept.TIMESettings.GetPrintBtnCaption
 0001:0004BD88       madExcept.TIMESettings.GetPrintBtnVisible
 0001:0004EB28       madExcept.TIMESettings.GetPropBool
 0001:0004EF34       madExcept.TIMESettings.GetPropDw
 0001:0004EBDC       madExcept.TIMESettings.GetPropInt
 0001:0004EC90       madExcept.TIMESettings.GetPropStr
 0001:0004CA08       madExcept.TIMESettings.GetRestartBtnCaption
 0001:0004BDF8       madExcept.TIMESettings.GetRestartBtnVisible
 0001:0004BEA0       madExcept.TIMESettings.GetSaveAssistant
 0001:0004C944       madExcept.TIMESettings.GetSaveBtnCaption
 0001:0004BD64       madExcept.TIMESettings.GetSaveBtnVisible
 0001:0004C534       madExcept.TIMESettings.GetScreenShotAppOnly
 0001:0004C50C       madExcept.TIMESettings.GetScreenShotDepth
 0001:0004C55C       madExcept.TIMESettings.GetScreenShotSendAs
 0001:0004C590       madExcept.TIMESettings.GetScreenShotZip
 0001:0004F4A8       madExcept.TIMESettings.GetSelf
 0001:0004BE70       madExcept.TIMESettings.GetSendAssistant
 0001:0004CD10       madExcept.TIMESettings.GetSendAttachMsg
 0001:0004CBF0       madExcept.TIMESettings.GetSendBoxTitle
 0001:0004C914       madExcept.TIMESettings.GetSendBtnCaption
 0001:0004BD40       madExcept.TIMESettings.GetSendBtnVisible
 0001:0004CD74       madExcept.TIMESettings.GetSendFailureMsg
 0001:0004CD40       madExcept.TIMESettings.GetSendFinalizeMsg
 0001:0004BF4C       madExcept.TIMESettings.GetSendInBackground
 0001:0004CCB0       madExcept.TIMESettings.GetSendMailMsg
 0001:0004C9A4       madExcept.TIMESettings.GetShowBtnCaption
 0001:0004BDAC       madExcept.TIMESettings.GetShowBtnVisible
 0001:0004C714       madExcept.TIMESettings.GetShowCpuRegisters
 0001:0004C758       madExcept.TIMESettings.GetShowDisAsm
 0001:0004B964       madExcept.TIMESettings.GetShowPleaseWaitBox
 0001:0004C7A4       madExcept.TIMESettings.GetShowRelativeAddrs
 0001:0004C7CC       madExcept.TIMESettings.GetShowRelativeLines
 0001:0004C734       madExcept.TIMESettings.GetShowStackDump
 0001:0004C37C       madExcept.TIMESettings.GetSmtpAccount
 0001:0004C3AC       madExcept.TIMESettings.GetSmtpPassword
 0001:0004C358       madExcept.TIMESettings.GetSmtpPort
 0001:0004C2A4       madExcept.TIMESettings.GetSmtpServer
 0001:0004C318       madExcept.TIMESettings.GetSmtpSsl
 0001:0004C338       madExcept.TIMESettings.GetSmtpTls
 0001:0004B93C       madExcept.TIMESettings.GetSuspendThreads
 0001:0004C854       madExcept.TIMESettings.GetTitleBar
 0001:0004BFC4       madExcept.TIMESettings.GetUploadToBugZilla
 0001:0004C008       madExcept.TIMESettings.GetUploadToCustomScript
 0001:0004BFA4       madExcept.TIMESettings.GetUploadToFogBugz
 0001:0004BFE8       madExcept.TIMESettings.GetUploadToMantis
 0001:0004B770       madExcept.TIMESettings.GetWindowsLogo
 0001:0004B634       madExcept.TIMESettings.IsValid
 0001:0004B660       madExcept.TIMESettings.LinkInMapFile
 0001:0004B6D0       madExcept.TIMESettings.LinkInSettings
 0001:0004B63C       madExcept.TIMESettings.Module
 0001:0004F234       madExcept.TIMESettings.ReadFormCache
 0001:0004F01C       madExcept.TIMESettings.Reload
 0001:0004B794       madExcept.TIMESettings.ReportLeaks
 0001:0004E040       madExcept.TIMESettings.SetAppendBugReports
 0001:0004DE68       madExcept.TIMESettings.SetAttachBugReport
 0001:0004DE94       madExcept.TIMESettings.SetAttachBugReportFile
 0001:0004D35C       madExcept.TIMESettings.SetAutoClipboard
 0001:0004D42C       madExcept.TIMESettings.SetAutoClose
 0001:0004D3D8       madExcept.TIMESettings.SetAutoContinue
 0001:0004D454       madExcept.TIMESettings.SetAutoDelay
 0001:0004D404       madExcept.TIMESettings.SetAutoRestart
 0001:0004D2B4       madExcept.TIMESettings.SetAutoSave
 0001:0004D2DC       madExcept.TIMESettings.SetAutoSaveIfNotSent
 0001:0004D30C       madExcept.TIMESettings.SetAutoSend
 0001:0004D334       madExcept.TIMESettings.SetAutoSendPrgrBox
 0001:0004D95C       madExcept.TIMESettings.SetAutoShowBugReport
 0001:0004E334       madExcept.TIMESettings.SetBitFaultMsg
 0001:0004E018       madExcept.TIMESettings.SetBugReportFile
 0001:0004E06C       madExcept.TIMESettings.SetBugReportFileSize
 0001:0004DEF0       madExcept.TIMESettings.SetBugReportSendAs
 0001:0004DF1C       madExcept.TIMESettings.SetBugReportZip
 0001:0004DBAC       madExcept.TIMESettings.SetBugTrackerAccount
 0001:0004DC30       madExcept.TIMESettings.SetBugTrackerArea
 0001:0004DC58       madExcept.TIMESettings.SetBugTrackerAssignTo
 0001:0004E548       madExcept.TIMESettings.SetBugTrackerDescription
 0001:0004DBD8       madExcept.TIMESettings.SetBugTrackerPassword
 0001:0004DC04       madExcept.TIMESettings.SetBugTrackerProject
 0001:0004E520       madExcept.TIMESettings.SetBugTrackerTitle
 0001:0004E454       madExcept.TIMESettings.SetCloseBtnCaption
 0001:0004D894       madExcept.TIMESettings.SetCloseBtnVisible
 0001:0004E63C       madExcept.TIMESettings.SetConnectMsg
 0001:0004E3FC       madExcept.TIMESettings.SetContinueBtnCaption
 0001:0004D83C       madExcept.TIMESettings.SetContinueBtnVisible
 0001:0004DEC4       madExcept.TIMESettings.SetDeleteBugReportFile
 0001:0004E4A4       madExcept.TIMESettings.SetDetailsBtnCaption
 0001:0004E0F0       madExcept.TIMESettings.SetDupExceptDef
 0001:0004E11C       madExcept.TIMESettings.SetDupFreezeDef
 0001:0004E2E4       madExcept.TIMESettings.SetExceptMsg
 0001:0004E688       madExcept.TIMESettings.SetFieldsMsg
 0001:0004D730       madExcept.TIMESettings.SetFilter1Assistant
 0001:0004D47C       madExcept.TIMESettings.SetFilter1Classes
 0001:0004D4CC       madExcept.TIMESettings.SetFilter1NoBugReport
 0001:0004D634       madExcept.TIMESettings.SetFilter1NoHandlers
 0001:0004D544       madExcept.TIMESettings.SetFilter1NoScreenShot
 0001:0004D5BC       madExcept.TIMESettings.SetFilter1NoSuspend
 0001:0004D6B8       madExcept.TIMESettings.SetFilter1ShowSetting
 0001:0004D754       madExcept.TIMESettings.SetFilter2Assistant
 0001:0004D4A4       madExcept.TIMESettings.SetFilter2Classes
 0001:0004D4F4       madExcept.TIMESettings.SetFilter2NoBugReport
 0001:0004D660       madExcept.TIMESettings.SetFilter2NoHandlers
 0001:0004D56C       madExcept.TIMESettings.SetFilter2NoScreenShot
 0001:0004D5E4       madExcept.TIMESettings.SetFilter2NoSuspend
 0001:0004D6E0       madExcept.TIMESettings.SetFilter2ShowSetting
 0001:0004D8BC       madExcept.TIMESettings.SetFocusedButton
 0001:0004E268       madExcept.TIMESettings.SetFormatDisassembly
 0001:0004E30C       madExcept.TIMESettings.SetFrozenMsg
 0001:0004D778       madExcept.TIMESettings.SetGeneralAssistant
 0001:0004D51C       madExcept.TIMESettings.SetGeneralNoBugReport
 0001:0004D68C       madExcept.TIMESettings.SetGeneralNoHandlers
 0001:0004D594       madExcept.TIMESettings.SetGeneralNoScreenShot
 0001:0004D60C       madExcept.TIMESettings.SetGeneralNoSuspend
 0001:0004D708       madExcept.TIMESettings.SetGeneralShowSetting
 0001:0004E1E4       madExcept.TIMESettings.SetHideUglyItems
 0001:0004DB58       madExcept.TIMESettings.SetHttpAccount
 0001:0004DB80       madExcept.TIMESettings.SetHttpPassword
 0001:0004DB30       madExcept.TIMESettings.SetHttpPort
 0001:0004DAA0       madExcept.TIMESettings.SetHttpServer
 0001:0004DB0C       madExcept.TIMESettings.SetHttpSsl
 0001:0004E294       madExcept.TIMESettings.SetLimitDisassembly
 0001:0004E148       madExcept.TIMESettings.SetListThreads
 0001:0004D9DC       madExcept.TIMESettings.SetMailAddr
 0001:0004DCB4       madExcept.TIMESettings.SetMailAsSmtpClient
 0001:0004DC84       madExcept.TIMESettings.SetMailAsSmtpServer
 0001:0004E598       madExcept.TIMESettings.SetMailBody
 0001:0004DFF0       madExcept.TIMESettings.SetMailFrom
 0001:0004E570       madExcept.TIMESettings.SetMailSubject
 0001:0004DE3C       madExcept.TIMESettings.SetMailViaMailto
 0001:0004DE14       madExcept.TIMESettings.SetMailViaMapi
 0001:0004E614       madExcept.TIMESettings.SetMxLookupMsg
 0001:0004E098       madExcept.TIMESettings.SetNoDupExcepts
 0001:0004E0C4       madExcept.TIMESettings.SetNoDupFreezes
 0001:0004D988       madExcept.TIMESettings.SetNoOwnerDrawButtons
 0001:0004E47C       madExcept.TIMESettings.SetOkBtnCaption
 0001:0004E4F8       madExcept.TIMESettings.SetPleaseWaitText
 0001:0004E4D0       madExcept.TIMESettings.SetPleaseWaitTitle
 0001:0004D104       madExcept.TIMESettings.SetPluginEnabled
 0001:0004E5EC       madExcept.TIMESettings.SetPrepareAttachMsg
 0001:0004D934       madExcept.TIMESettings.SetPrintAssistant
 0001:0004E3AC       madExcept.TIMESettings.SetPrintBtnCaption
 0001:0004D7EC       madExcept.TIMESettings.SetPrintBtnVisible
 0001:0004EF48       madExcept.TIMESettings.SetPropBool
 0001:0004F014       madExcept.TIMESettings.SetPropDw
 0001:0004EF84       madExcept.TIMESettings.SetPropInt
 0001:0004EFB8       madExcept.TIMESettings.SetPropStr
 0001:0004E428       madExcept.TIMESettings.SetRestartBtnCaption
 0001:0004D868       madExcept.TIMESettings.SetRestartBtnVisible
 0001:0004D90C       madExcept.TIMESettings.SetSaveAssistant
 0001:0004E384       madExcept.TIMESettings.SetSaveBtnCaption
 0001:0004D7C4       madExcept.TIMESettings.SetSaveBtnVisible
 0001:0004DF70       madExcept.TIMESettings.SetScreenShotAppOnly
 0001:0004DF44       madExcept.TIMESettings.SetScreenShotDepth
 0001:0004DF9C       madExcept.TIMESettings.SetScreenShotSendAs
 0001:0004DFC8       madExcept.TIMESettings.SetScreenShotZip
 0001:0004D8E4       madExcept.TIMESettings.SetSendAssistant
 0001:0004E6B0       madExcept.TIMESettings.SetSendAttachMsg
 0001:0004E5C0       madExcept.TIMESettings.SetSendBoxTitle
 0001:0004E35C       madExcept.TIMESettings.SetSendBtnCaption
 0001:0004D79C       madExcept.TIMESettings.SetSendBtnVisible
 0001:0004E704       madExcept.TIMESettings.SetSendFailureMsg
 0001:0004E6D8       madExcept.TIMESettings.SetSendFinalizeMsg
 0001:0004D9B0       madExcept.TIMESettings.SetSendInBackground
 0001:0004E660       madExcept.TIMESettings.SetSendMailMsg
 0001:0004E3D4       madExcept.TIMESettings.SetShowBtnCaption
 0001:0004D814       madExcept.TIMESettings.SetShowBtnVisible
 0001:0004E170       madExcept.TIMESettings.SetShowCpuRegisters
 0001:0004E1BC       madExcept.TIMESettings.SetShowDisAsm
 0001:0004D3B0       madExcept.TIMESettings.SetShowPleaseWaitBox
 0001:0004E210       madExcept.TIMESettings.SetShowRelativeAddrs
 0001:0004E23C       madExcept.TIMESettings.SetShowRelativeLines
 0001:0004E194       madExcept.TIMESettings.SetShowStackDump
 0001:0004DDC0       madExcept.TIMESettings.SetSmtpAccount
 0001:0004DDE8       madExcept.TIMESettings.SetSmtpPassword
 0001:0004DD98       madExcept.TIMESettings.SetSmtpPort
 0001:0004DCE4       madExcept.TIMESettings.SetSmtpServer
 0001:0004DD50       madExcept.TIMESettings.SetSmtpSsl
 0001:0004DD74       madExcept.TIMESettings.SetSmtpTls
 0001:0004D384       madExcept.TIMESettings.SetSuspendThreads
 0001:0004E2BC       madExcept.TIMESettings.SetTitleBar
 0001:0004DA28       madExcept.TIMESettings.SetUploadToBugZilla
 0001:0004DA74       madExcept.TIMESettings.SetUploadToCustomScript
 0001:0004DA04       madExcept.TIMESettings.SetUploadToFogBugz
 0001:0004DA50       madExcept.TIMESettings.SetUploadToMantis
 0001:0004D28C       madExcept.TIMESettings.SetWindowsLogo
 0001:0004C840       madExcept.TIMESettings.VersionVar
 0001:0006DFE8       madExcept.TimeToStr
 0001:00066350       madExcept.TrimStr9
 0001:000551DC       madExcept.TSmtp.ClientHandshakeLoop
 0001:0005420C       madExcept.TSmtp.Create
 0001:00054E74       madExcept.TSmtp.Destroy
 0001:000566BC       madExcept.TSmtp.Finalize
 0001:000550D0       madExcept.TSmtp.InitializeSecurityContext
 0001:00055068       madExcept.TSmtp.InitSecBuffers
 0001:00055770       madExcept.TSmtp.Receive
 0001:000553AC       madExcept.TSmtp.Send
 0001:0005634C       madExcept.TSmtp.SendFile
 0001:00055C74       madExcept.TSmtp.SendMail
 0001:00055554       madExcept.TSmtp.SendReceive
 0001:00054CA8       madExcept.TSmtp.StartSsl
 0001:00058DE8       madExcept.TWinHttp.AddHeaderData
 0001:00058FF8       madExcept.TWinHttp.AutoConfigProxy
 0001:0005CEC8       madExcept.TWinHttp.BugZillaCall
 0001:00059FC4       madExcept.TWinHttp.CheckDoubleListValue
 0001:00059F28       madExcept.TWinHttp.CheckListValue
 0001:00058BD0       madExcept.TWinHttp.Connect
 0001:000585A0       madExcept.TWinHttp.Create
 0001:00058B54       madExcept.TWinHttp.Destroy
 0001:0005C7B0       madExcept.TWinHttp.EncodeBugZillaParams
 0001:00059E8C       madExcept.TWinHttp.ExtractXml
 0001:0005CC58       madExcept.TWinHttp.FinishBugZillaCall
 0001:0005EBF8       madExcept.TWinHttp.FinishMantisCall
 0001:0005B4E8       madExcept.TWinHttp.FogBugzCall
 0001:0005A250       madExcept.TWinHttp.Get
 0001:0005C1FC       madExcept.TWinHttp.InitBugZilla
 0001:0005AD54       madExcept.TWinHttp.InitFogBugz
 0001:0005E014       madExcept.TWinHttp.InitMantis
 0001:0005A420       madExcept.TWinHttp.InternalPost
 0001:0005EDE4       madExcept.TWinHttp.MantisCall
 0001:00058C90       madExcept.TWinHttp.OpenRequest
 0001:0005AC64       madExcept.TWinHttp.Post
 0001:000592A4       madExcept.TWinHttp.ReceiveResponse
 0001:000591D0       madExcept.TWinHttp.SendData
 0001:0005A0A4       madExcept.TWinHttp.SendFile
 0001:00058E5C       madExcept.TWinHttp.SendRequest
 0001:00059704       madExcept.TWinHttp.SetLastErrorNo
 0001:00059784       madExcept.TWinHttp.SetLastErrorStr
 0001:000597C0       madExcept.TWinHttp.SetProgress
 0001:0005C998       madExcept.TWinHttp.StartBugZillaCall
 0001:0005E8A4       madExcept.TWinHttp.StartMantisCall
 0001:0005D0C4       madExcept.TWinHttp.UploadBugToBugZilla
 0001:0005B72C       madExcept.TWinHttp.UploadBugToFogBugz
 0001:0005EE94       madExcept.TWinHttp.UploadBugToMantis
 0001:0005CF74       madExcept.TWinHttp.VerifyBugZillaUser
 0001:0006EE84       madExcept.UndoPatches
 0001:0005A2B0       madExcept.UnicodeToAnsi
 0001:00078720       madExcept.UninstallUnhandledExceptionFilter
 0001:0003FDF8       madExcept.UnlistMeSettingsModule
 0001:00078F40       madExcept.UnloadLeakModule
 0003:000042A0       madExcept.UnloadLeakModuleProc
 0001:0003C2CC       madExcept.UnpackUnicodeString
 0001:00077218       madExcept.UnpatchAPI
 0001:0006DD48       madExcept.UnregisterBugReportPlugin
 0001:00071140       madExcept.UpdateSection
 0001:00077A38       madExcept.UserWorkItemExceptFrame
 0003:000037F8       madExcept.WasRestarted
 0004:00003DFC       madExcept.WinHttpAddRequestHeaders
 0004:00003E2C       madExcept.WinHttpCloseHandle
 0004:00003DF4       madExcept.WinHttpConnect
 0004:00003E04       madExcept.WinHttpGetIEProxyConfigForCurrentUser
 0004:00003E08       madExcept.WinHttpGetProxyForUrl
 0004:00003DF0       madExcept.WinHttpOpen
 0004:00003DF8       madExcept.WinHttpOpenRequest
 0004:00003E1C       madExcept.WinHttpQueryAuthSchemes
 0004:00003E24       madExcept.WinHttpQueryDataAvailable
 0004:00003E18       madExcept.WinHttpQueryHeaders
 0004:00003E28       madExcept.WinHttpReadData
 0004:00003E14       madExcept.WinHttpReceiveResponse
 0004:00003E00       madExcept.WinHttpSendRequest
 0004:00003E20       madExcept.WinHttpSetCredentials
 0004:00003E0C       madExcept.WinHttpSetOption
 0004:00003E10       madExcept.WinHttpWriteData
 0001:0003D278       madExcept._FpuInit
 0004:00003E98       madLinkDisAsm..1
 0001:0007B90C       madLinkDisAsm.Finalization
 0002:0000026C       madLinkDisAsm.madLinkDisAsm
 0004:00003E9C       madListHardware..1
 0001:0007BA10       madListHardware.AddDevice
 0001:0007C9B8       madListHardware.Finalization
 0001:0007C158       madListHardware.GetDeviceInfo
 0001:0007C6B4       madListHardware.GetHardwareList
 0001:0007BCB4       madListHardware.GetHardwareList9x
 0001:0007C1F0       madListHardware.GetHardwareListNt
 0002:00000284       madListHardware.madListHardware
 0001:0007BBE4       madListHardware.RegReadStrA
 0004:00003EA4       madListModules..1
 0001:0007DF00       madListModules.Finalization
 0001:0007D9BC       madListModules.GetModuleList
 0002:00000388       madListModules.madListModules
 0004:00003EA0       madListProcesses..1
 0001:0007CAC8       madListProcesses.AddItem
 0003:000042CC       madListProcesses.CreateToolhelp32Snapshot
 0001:0007CD48       madListProcesses.EnumProcesses9x
 0001:0007CED4       madListProcesses.EnumProcessesNt
 0001:0007D8DC       madListProcesses.Finalization
 0003:000042D8       madListProcesses.GetGuiResources
 0003:000042D4       madListProcesses.GetModuleFileNameEx
 0001:0007D404       madListProcesses.GetProcessList
 0002:00000308       madListProcesses.madListProcesses
 0003:000042D0       madListProcesses.NtQuerySystemInformation
 0001:0007D294       madListProcesses.PriorityClassToStr
 0003:000042C4       madListProcesses.Process32First
 0003:000042C8       madListProcesses.Process32Next
 0004:00003D94       madMapFile..2
 0001:00022914       madMapFile..TMapFile
 0001:000230E4       madMapFile..TMiniStream
 0001:00023414       madMapFile.CalcCryptPassword
 0003:00003774       madMapFile.CMapFileStreamDescriptor
 0001:000261EC       madMapFile.DecodeNameString
 0001:00029C30       madMapFile.Finalization
 0001:00027D0C       madMapFile.FindMapFile
 0001:00029614       madMapFile.FindMapFile
 0001:00027684       madMapFile.GetFileTime
 0001:00029BC8       madMapFile.GetLineNumber
 0001:00025378       madMapFile.GetMapFileFromResources
 0001:000298F8       madMapFile.GetMapFileInfos
 0001:000297F4       madMapFile.GetMapFileInfos2
 0001:00025A34       madMapFile.GetNextLine
 0001:00029924       madMapFile.GetProcNameFromMapFile
 0001:0002633C       madMapFile.GetStr
 0001:00024EA0       madMapFile.ImportStr
 0001:000267F8       madMapFile.InitPdbReading
 0001:0002774C       madMapFile.IsTdsOld
 0001:00024DD0       madMapFile.Line_LoadFromStream
 0001:00024C2C       madMapFile.Line_ParseStr
 0001:00028EC0       madMapFile.Line_SaveToStream
 0001:00024214       madMapFile.LoadStrFromFile
 0002:00000104       madMapFile.madMapFile
 0004:00003D98       madMapFile.MapFileCache
 0001:00029354       madMapFile.MapFileCache_Add
 0001:000295D8       madMapFile.MapFileCache_Clear
 0001:00029454       madMapFile.MapFileCache_Get
 0001:000258B4       madMapFile.OptimizeSegments
 0001:00027554       madMapFile.Parse
 0001:00027428       madMapFile.ParseAll
 0001:000273F4       madMapFile.ParseLines
 0001:00026DE4       madMapFile.ParseNames
 0001:00024000       madMapFile.ParsePdb_EnumLines
 0001:00023F84       madMapFile.ParsePdb_EnumSymbols
 0001:00026F58       madMapFile.ParsePublics
 0001:00026E38       madMapFile.ParseSegments
 0001:0002729C       madMapFile.ParseSrcFile
 0001:000271D0       madMapFile.ParseSrcFileLines
 0001:00025AD4       madMapFile.ParseStr
 0001:00027930       madMapFile.ParseTd32
 0001:00024AB4       madMapFile.Public_LoadFromStream
 0001:00024858       madMapFile.Public_ParseStr
 0001:00028D6C       madMapFile.Public_SaveToStream
 0001:000263D8       madMapFile.ReadJdbg
 0001:000243EC       madMapFile.ReadPackedInteger
 0001:0002442C       madMapFile.ReadPackedString
 0001:00026B6C       madMapFile.ReadPdb
 0001:000263A4       madMapFile.ReadValue
 0001:000246E4       madMapFile.Segment_LoadFromStream
 0001:000244B8       madMapFile.Segment_ParseStr
 0001:00028C5C       madMapFile.Segment_SaveToStream
 0001:00026100       madMapFile.SimpleCryptString
 0001:0002540C       madMapFile.SortLines
 0001:000254F4       madMapFile.SortPublics
 0001:00025640       madMapFile.SortSegments
 0003:0000375C       madMapFile.SymCleanup
 0003:00003770       madMapFile.SymEnumLines
 0003:0000376C       madMapFile.SymEnumSymbols
 0003:00003768       madMapFile.SymGetModuleInfo64
 0003:00003758       madMapFile.SymInitialize
 0003:00003760       madMapFile.SymLoadModuleEx
 0003:00003764       madMapFile.SymUnloadModule64
 0001:000280E8       madMapFile.TMapFile.Create
 0001:00028F84       madMapFile.TMapFile.Export
 0001:00028AA8       madMapFile.TMapFile.FindAddress
 0001:000288E8       madMapFile.TMapFile.FindLine
 0001:000288F4       madMapFile.TMapFile.FindLine
 0001:000288AC       madMapFile.TMapFile.FindPublic
 0001:00028648       madMapFile.TMapFile.FindPublic
 0001:00028550       madMapFile.TMapFile.FindPublic
 0001:00028400       madMapFile.TMapFile.FindSegment
 0001:00028514       madMapFile.TMapFile.FindSegment
 0001:00023F0C       madMapFile.TMapFile.Line_NewItem
 0001:0002390C       madMapFile.TMapFile.Public_NewItem
 0001:00023518       madMapFile.TMapFile.Segment_NewItem
 0001:00023308       madMapFile.TMiniStream.Destroy
 0001:00023398       madMapFile.TMiniStream.Read
 0001:0002333C       madMapFile.TMiniStream.SetSize
 0001:000233D0       madMapFile.TMiniStream.Write
 0001:00028B6C       madMapFile.WritePackedInteger
 0001:00028BC4       madMapFile.WritePackedString
 0001:00033784       madNVAssistant..TNVAssistant
 0001:0003293C       madNVAssistant..TNVButton
 0001:00032F20       madNVAssistant..TNVCheckBox
 0001:00032D1C       madNVAssistant..TNVEdit
 0001:000333F4       madNVAssistant..TNVForm
 0001:00033100       madNVAssistant..TNVImage
 0001:000326BC       madNVAssistant..TNVItem
 0001:00032B0C       madNVAssistant..TNVLabel
 0001:00035E90       madNVAssistant.AddItem
 0001:000338C0       madNVAssistant.BooleanValue
 0001:000367F0       madNVAssistant.ConvertObject
 0001:000362B4       madNVAssistant.ConvertProperty
 0001:00039150       madNVAssistant.CreateAssistant
 0001:000383CC       madNVAssistant.CreateMainButton
 0001:00037FF4       madNVAssistant.CreateMainWindow
 0001:000339CC       madNVAssistant.DecCol
 0001:00033C8C       madNVAssistant.FillRect
 0001:00033C44       madNVAssistant.FillRect
 0001:00036E64       madNVAssistant.FindImagePos
 0001:00033AC0       madNVAssistant.GetFont
 0001:00033B40       madNVAssistant.GetTextExtent
 0003:00003780       madNVAssistant.HandleContactFormProc
 0003:00003788       madNVAssistant.HandleExceptionHelper
 0003:00003784       madNVAssistant.HandleScreenshotFormProc
 0001:00033944       madNVAssistant.IntegerValue
 0001:00033CC0       madNVAssistant.LineRect
 0001:00033DD4       madNVAssistant.LineRect
 0001:000391AC       madNVAssistant.LoadAssistant
 0003:0000377C       madNVAssistant.OnAssistantCreate
 0001:0003826C       madNVAssistant.PrepareMainButton
 0001:00035F98       madNVAssistant.ReadProperty
 0001:000381FC       madNVAssistant.SelectFont
 0001:0003411C       madNVAssistant.StrToOutputType
 0001:00038EB0       madNVAssistant.TNVAssistant.Create
 0001:00039148       madNVAssistant.TNVAssistant.GetData
 0001:00039120       madNVAssistant.TNVAssistant.GetException
 0001:00039014       madNVAssistant.TNVAssistant.GetForm
 0001:00038FD4       madNVAssistant.TNVAssistant.GetFormCount
 0001:00038FE0       madNVAssistant.TNVAssistant.GetForms
 0001:000390AC       madNVAssistant.TNVAssistant.GetModalResult
 0001:000390B4       madNVAssistant.TNVAssistant.GetOnAction
 0001:00038F84       madNVAssistant.TNVAssistant.GetTitle
 0001:0003914C       madNVAssistant.TNVAssistant.SetData
 0001:00039134       madNVAssistant.TNVAssistant.SetException
 0001:000390B8       madNVAssistant.TNVAssistant.SetOnAction
 0001:00038F98       madNVAssistant.TNVAssistant.SetTitle
 0001:000390BC       madNVAssistant.TNVAssistant.ShowModal
 0001:00034714       madNVAssistant.TNVButton.Create
 0001:00034C18       madNVAssistant.TNVButton.GetCaption
 0001:00034C54       madNVAssistant.TNVButton.GetMinWidth
 0001:0003494C       madNVAssistant.TNVButton.OwnerDraw
 0001:00034C40       madNVAssistant.TNVButton.SetCaption
 0001:00034760       madNVAssistant.TNVButton.SetProperty
 0001:00034860       madNVAssistant.TNVButton.Show
 0001:00035910       madNVAssistant.TNVCheckBox.GetCaption
 0001:00035938       madNVAssistant.TNVCheckBox.GetChecked
 0001:00035700       madNVAssistant.TNVCheckBox.OwnerDraw
 0001:00035924       madNVAssistant.TNVCheckBox.SetCaption
 0001:00035940       madNVAssistant.TNVCheckBox.SetChecked
 0001:0003558C       madNVAssistant.TNVCheckBox.SetProperty
 0001:00035644       madNVAssistant.TNVCheckBox.Show
 0001:00035214       madNVAssistant.TNVEdit.FormPaint
 0001:00035544       madNVAssistant.TNVEdit.GetColored
 0001:00035344       madNVAssistant.TNVEdit.GetLines
 0001:00035348       madNVAssistant.TNVEdit.GetOptional
 0001:00035364       madNVAssistant.TNVEdit.GetText
 0001:00035560       madNVAssistant.TNVEdit.GetValid
 0001:000352E4       madNVAssistant.TNVEdit.MayEnableContinueButton
 0001:0003554C       madNVAssistant.TNVEdit.SetColored
 0001:00035350       madNVAssistant.TNVEdit.SetOptional
 0001:00034FE4       madNVAssistant.TNVEdit.SetProperty
 0001:00035478       madNVAssistant.TNVEdit.SetText
 0001:00035568       madNVAssistant.TNVEdit.SetValid
 0001:0003514C       madNVAssistant.TNVEdit.Show
 0001:000379B0       madNVAssistant.TNVForm.CheckContinueButton
 0001:00036BBC       madNVAssistant.TNVForm.Create
 0001:00036DF4       madNVAssistant.TNVForm.Destroy
 0001:00036F0C       madNVAssistant.TNVForm.DialogWndMethod
 0001:00037A6C       madNVAssistant.TNVForm.FindClass
 0001:00037B0C       madNVAssistant.TNVForm.FindHandle
 0001:00037BFC       madNVAssistant.TNVForm.FireOnAction
 0001:00037B60       madNVAssistant.TNVForm.FocusNext
 0001:00037D5C       madNVAssistant.TNVForm.GetActiveControl
 0001:00037C4C       madNVAssistant.TNVForm.GetAssistant
 0001:00037D30       madNVAssistant.TNVForm.GetCancelButton
 0001:00037CD8       madNVAssistant.TNVForm.GetContinueButton
 0001:00038EA8       madNVAssistant.TNVForm.GetData
 0001:00038E80       madNVAssistant.TNVForm.GetException
 0001:00037D88       madNVAssistant.TNVForm.GetHandle
 0001:00037D9C       madNVAssistant.TNVForm.GetItem
 0001:00037CCC       madNVAssistant.TNVForm.GetItemCount
 0001:00037CA4       madNVAssistant.TNVForm.GetMessage_
 0001:00037D8C       madNVAssistant.TNVForm.GetModalResult
 0001:00037C68       madNVAssistant.TNVForm.GetName
 0001:00037D94       madNVAssistant.TNVForm.GetOnAction
 0001:00037D04       madNVAssistant.TNVForm.GetSkipButton
 0001:00037D84       madNVAssistant.TNVForm.GetTimer
 0001:00037C7C       madNVAssistant.TNVForm.GetTitle
 0001:00037EA8       madNVAssistant.TNVForm.nvButton
 0001:00037F14       madNVAssistant.TNVForm.nvCheckBox
 0001:00037DD0       madNVAssistant.TNVForm.nvEdit
 0001:00037F80       madNVAssistant.TNVForm.nvImage
 0001:00037E3C       madNVAssistant.TNVForm.nvLabel
 0001:00037D70       madNVAssistant.TNVForm.SetActiveControl
 0001:00038EAC       madNVAssistant.TNVForm.SetData
 0001:00038E94       madNVAssistant.TNVForm.SetException
 0001:00037CB8       madNVAssistant.TNVForm.SetMessage
 0001:00037D98       madNVAssistant.TNVForm.SetOnAction
 0001:00037C90       madNVAssistant.TNVForm.SetTitle
 0001:000384BC       madNVAssistant.TNVForm.ShowModal
 0001:00037FEC       madNVAssistant.TNVForm.Skip
 0001:00035C08       madNVAssistant.TNVImage.FormPaint
 0001:00035D44       madNVAssistant.TNVImage.GetBitmap
 0001:00035D60       madNVAssistant.TNVImage.GetBorder
 0001:00035D58       madNVAssistant.TNVImage.GetClickable
 0001:00035D30       madNVAssistant.TNVImage.GetFile
 0001:00035D74       madNVAssistant.TNVImage.GetHeight
 0001:00035D68       madNVAssistant.TNVImage.GetWidth
 0001:00035D80       madNVAssistant.TNVImage.SetBitmap
 0001:00035958       madNVAssistant.TNVImage.SetProperty
 0001:00035A7C       madNVAssistant.TNVImage.Show
 0001:000340C4       madNVAssistant.TNVItem.Create
 0001:000344CC       madNVAssistant.TNVItem.CreateWindow
 0001:000344A8       madNVAssistant.TNVItem.FormPaint
 0001:00034670       madNVAssistant.TNVItem.GetEnabled
 0001:00034660       madNVAssistant.TNVItem.GetHandle
 0001:0003464C       madNVAssistant.TNVItem.GetName
 0001:00034638       madNVAssistant.TNVItem.GetOutputName
 0001:00034630       madNVAssistant.TNVItem.GetOutputType
 0001:0003466C       madNVAssistant.TNVItem.GetSpacing
 0001:00034664       madNVAssistant.TNVItem.GetTabStop
 0001:00034118       madNVAssistant.TNVItem.GetTNVItem
 0001:000344C8       madNVAssistant.TNVItem.MayEnableContinueButton
 0001:000344AC       madNVAssistant.TNVItem.OwnerDraw
 0001:000346B4       madNVAssistant.TNVItem.SetEnabled
 0001:000346DC       madNVAssistant.TNVItem.SetFocus
 0001:00034608       madNVAssistant.TNVItem.SetForceDisabled
 0001:000346A0       madNVAssistant.TNVItem.SetOutputName
 0001:00034678       madNVAssistant.TNVItem.SetOutputType
 0001:00034170       madNVAssistant.TNVItem.SetProperty
 0001:00034264       madNVAssistant.TNVItem.Show
 0001:00034D5C       madNVAssistant.TNVLabel.CalcRect
 0001:00034FA8       madNVAssistant.TNVLabel.GetCaption
 0001:00034E9C       madNVAssistant.TNVLabel.IsHeadLabel
 0001:00034FD0       madNVAssistant.TNVLabel.SetCaption
 0001:00034C58       madNVAssistant.TNVLabel.SetProperty
 0001:00034CA8       madNVAssistant.TNVLabel.Show
 0001:00033E28       madNVAssistant.WrText
 0001:0002F034       madNVBitmap..TINVBitmap
 0001:0002F8AC       madNVBitmap.AddPngPart
 0001:0002F6D0       madNVBitmap.Adler32
 0001:0002FF54       madNVBitmap.Bottom
 0001:00031B24       madNVBitmap.CalculateArea
 0001:00031C48       madNVBitmap.CalculateRegion
 0001:0002F4A4       madNVBitmap.CloseBmp
 0001:00030A80       madNVBitmap.ColorLookup
 0001:0002F748       madNVBitmap.CompressBitmap
 0001:0002F3E4       madNVBitmap.CreateBmp
 0001:0002FA5C       madNVBitmap.CreatePng
 0001:00030588       madNVBitmap.Cut
 0001:00031E28       madNVBitmap.DcToBmp
 0001:00031CE8       madNVBitmap.DrawCursorOnDC
 0001:00030734       madNVBitmap.FindOptimalPalette
[...]
   181 0001:0007C1E8   183 0001:0007C1F0   184 0001:0007C210   185 0001:0007C21C
   186 0001:0007C224   187 0001:0007C231   188 0001:0007C23F   189 0001:0007C24C
   190 0001:0007C25A   191 0001:0007C27E   192 0001:0007C28B   193 0001:0007C295
   194 0001:0007C29C   196 0001:0007C2A3   197 0001:0007C2BD   198 0001:0007C2D7
   199 0001:0007C32A   200 0001:0007C344   201 0001:0007C367   202 0001:0007C36D
   203 0001:0007C378   204 0001:0007C382   205 0001:0007C39C   206 0001:0007C3A2
   207 0001:0007C3B9   208 0001:0007C3D3   209 0001:0007C3D9   210 0001:0007C3E9
   211 0001:0007C3FF   212 0001:0007C458   215 0001:0007C46B   195 0001:0007C46C
   217 0001:0007C47F   220 0001:0007C486   222 0001:0007C48C   226 0001:0007C6B4
   227 0001:0007C6D1   228 0001:0007C6DA   229 0001:0007C6E6   231 0001:0007C6EF
   232 0001:0007C6F6   233 0001:0007C70C   234 0001:0007C72A   235 0001:0007C744
   236 0001:0007C766   237 0001:0007C778   238 0001:0007C796   239 0001:0007C7E2
   240 0001:0007C800   241 0001:0007C806   242 0001:0007C824   243 0001:0007C82A
   246 0001:0007C855   234 0001:0007C856   247 0001:0007C85F   232 0001:0007C860
   248 0001:0007C869   249 0001:0007C87A   256 0001:0007C9B8   257 0001:0007C9CA

Line numbers for madListHardware(madListHardware.pas) segment .itext

   253 0002:00000284   254 0002:0000028D   255 0002:000002A3

Line numbers for madListProcesses(madListProcesses.pas) segment .text

    99 0001:0007CAC8   100 0001:0007CAF4   101 0001:0007CB03   102 0001:0007CB08
   103 0001:0007CB25   104 0001:0007CB43   105 0001:0007CB5C   106 0001:0007CB72
   107 0001:0007CB8F   108 0001:0007CBAC   109 0001:0007CBC6   110 0001:0007CBDE
   111 0001:0007CBF6   112 0001:0007CC23   113 0001:0007CC48   114 0001:0007CC6F
   115 0001:0007CC95   116 0001:0007CC97   111 0001:0007CC98   117 0001:0007CC9C
   118 0001:0007CCA2   119 0001:0007CCB4   120 0001:0007CCB8   121 0001:0007CCD4
   122 0001:0007CCDD   123 0001:0007CCFC   125 0001:0007CD1B   128 0001:0007CD21
   129 0001:0007CD23   134 0001:0007CD48   135 0001:0007CD68   136 0001:0007CD71
   137 0001:0007CD7D   138 0001:0007CD8D   139 0001:0007CD9D   141 0001:0007CDAD
   142 0001:0007CDB9   143 0001:0007CDBE   144 0001:0007CDC8   146 0001:0007CDDA
   147 0001:0007CE08   148 0001:0007CE1A   150 0001:0007CE20   159 0001:0007CED4
   160 0001:0007CF02   161 0001:0007CF0B   162 0001:0007CF25   163 0001:0007CF2E
   164 0001:0007CF48   165 0001:0007CF51   166 0001:0007CF6B   167 0001:0007CF6F
   168 0001:0007CF7C   169 0001:0007CF7E   170 0001:0007CF83   172 0001:0007CF89
   173 0001:0007CF8F   174 0001:0007CF95   175 0001:0007CFA1   176 0001:0007CFAF
   178 0001:0007CFBD   179 0001:0007CFC3   180 0001:0007CFCF   182 0001:0007CFDD
   183 0001:0007CFE5   185 0001:0007CFE7   186 0001:0007CFF2   187 0001:0007CFFD
   188 0001:0007D00A   189 0001:0007D01D   190 0001:0007D027   191 0001:0007D047
   192 0001:0007D05A   193 0001:0007D070   194 0001:0007D081   196 0001:0007D0C8
   197 0001:0007D0DE   199 0001:0007D0F0   202 0001:0007D0F9   204 0001:0007D10E
   205 0001:0007D123   207 0001:0007D129   184 0001:0007D12B   210 0001:0007D130
   211 0001:0007D136   216 0001:0007D294   217 0001:0007D29A   218 0001:0007D2CE
   219 0001:0007D2DD   220 0001:0007D2EC   221 0001:0007D2FB   222 0001:0007D30A
   223 0001:0007D319   224 0001:0007D328   225 0001:0007D334   227 0001:0007D345
   232 0001:0007D404   233 0001:0007D43D   234 0001:0007D446   235 0001:0007D44B
   236 0001:0007D459   237 0001:0007D465   239 0001:0007D46E   240 0001:0007D475
   241 0001:0007D47A   242 0001:0007D47F   243 0001:0007D484   244 0001:0007D489
   245 0001:0007D48E   246 0001:0007D493   247 0001:0007D4AA   248 0001:0007D4BD
   249 0001:0007D4C7   250 0001:0007D4DC   251 0001:0007D507   253 0001:0007D54A
   254 0001:0007D55F   255 0001:0007D58A   256 0001:0007D5B3   257 0001:0007D5BE
   258 0001:0007D5E9   259 0001:0007D612   260 0001:0007D627   261 0001:0007D652
   262 0001:0007D67B   263 0001:0007D690   264 0001:0007D6BB   265 0001:0007D6E4
   266 0001:0007D6F4   267 0001:0007D710   246 0001:0007D713   268 0001:0007D71C
   269 0001:0007D733   270 0001:0007D746   271 0001:0007D7AD   272 0001:0007D7B3
   273 0001:0007D7D3   274 0001:0007D7DF   275 0001:0007D81F   276 0001:0007D859
   268 0001:0007D85C   277 0001:0007D865   278 0001:0007D876   285 0001:0007D8DC
   286 0001:0007D8EE

Line numbers for madListProcesses(madListProcesses.pas) segment .itext

   282 0002:00000308   283 0002:00000311   284 0002:00000327

Line numbers for madListModules(madListModules.pas) segment .text

    48 0001:0007D9BC    49 0001:0007DA0B    50 0001:0007DA15    51 0001:0007DA1A
    52 0001:0007DA1F    53 0001:0007DA21    54 0001:0007DA2F    56 0001:0007DA4C
    58 0001:0007DA71    59 0001:0007DA7D    60 0001:0007DA98    61 0001:0007DAA2
    63 0001:0007DACD    64 0001:0007DAE8    65 0001:0007DAEE    67 0001:0007DB28
    68 0001:0007DB32    69 0001:0007DB3E    70 0001:0007DB59    71 0001:0007DB63
    72 0001:0007DB68    73 0001:0007DB89    74 0001:0007DB94    75 0001:0007DB9F
    76 0001:0007DBBE    77 0001:0007DBC9    78 0001:0007DBD8    79 0001:0007DBDA
    75 0001:0007DBDB    80 0001:0007DBDF    82 0001:0007DC20    85 0001:0007DC21
    86 0001:0007DC27    55 0001:0007DC2D    88 0001:0007DC45    89 0001:0007DC5C
    90 0001:0007DC5E    91 0001:0007DC60    92 0001:0007DC72    93 0001:0007DC7C
    94 0001:0007DC8D    95 0001:0007DC9C    96 0001:0007DCAD    97 0001:0007DCBC
    91 0001:0007DCBD    98 0001:0007DCC2    99 0001:0007DCCC   100 0001:0007DCD6
   101 0001:0007DCEC   102 0001:0007DCF9   103 0001:0007DD26   104 0001:0007DD63
   103 0001:0007DD73   105 0001:0007DD76   106 0001:0007DDA3   107 0001:0007DDE0
   106 0001:0007DDF0   108 0001:0007DDF3   109 0001:0007DE5D   100 0001:0007DE5E
   110 0001:0007DE67   111 0001:0007DE79   118 0001:0007DF00   119 0001:0007DF12

Line numbers for madListModules(madListModules.pas) segment .itext

   115 0002:00000388   116 0002:00000391   117 0002:000003A7

Line numbers for BTAESUtil(BTAESUtil.pas) segment .text

    46 0001:0007DF30    47 0001:0007DF5A    48 0001:0007DF68    47 0001:0007DF72
    49 0001:0007DF75    60 0001:0007DF84    61 0001:0007DF9B    62 0001:0007DFA1
    63 0001:0007DFA8    64 0001:0007DFAF    65 0001:0007DFB5    90 0001:0007DFC4
    91 0001:0007DFC6    92 0001:0007E05E    93 0001:0007E063    94 0001:0007E068
    95 0001:0007E06D    96 0001:0007E072    97 0001:0007E077    98 0001:0007E07C
    99 0001:0007E081   100 0001:0007E086   101 0001:0007E08B   102 0001:0007E090
   103 0001:0007E095   104 0001:0007E09A   105 0001:0007E09F   106 0001:0007E0A4
   107 0001:0007E0A9   109 0001:0007E0AB   115 0001:0007E0B0   116 0001:0007E0CF
   117 0001:0007E0DC   119 0001:0007E0E0   120 0001:0007E0E9   121 0001:0007E0EC
   123 0001:0007E0F5   127 0001:0007E11C   128 0001:0007E16F   129 0001:0007E176
   130 0001:0007E17D   131 0001:0007E184   132 0001:0007E18B   133 0001:0007E192
   134 0001:0007E199   135 0001:0007E1A0   136 0001:0007E1A7   137 0001:0007E1AE
   138 0001:0007E1B5   139 0001:0007E1BC   140 0001:0007E1C3   141 0001:0007E1CA
   142 0001:0007E1D1   143 0001:0007E1D8   145 0001:0007E1DC   150 0001:0007E1E0
   151 0001:0007E1FB   152 0001:0007E1FD   153 0001:0007E201   154 0001:0007E209
   156 0001:0007E20E   157 0001:0007E216   158 0001:0007E21C   159 0001:0007E222
   160 0001:0007E22C   162 0001:0007E232   163 0001:0007E23C   164 0001:0007E26F
   166 0001:0007E29E

Line numbers for BTAESBox(BTAESBox.pas) segment .text

   130 0001:00000000

Line numbers for BTAES(BTAES.pas) segment .text

    97 0001:0007E424    98 0001:0007E445    99 0001:0007E449   100 0001:0007E44D
   101 0001:0007E451   102 0001:0007E455   103 0001:0007E459   104 0001:0007E45D
   105 0001:0007E461   106 0001:0007E465   107 0001:0007E469   108 0001:0007E46D
   109 0001:0007E471   110 0001:0007E475   111 0001:0007E479   112 0001:0007E47D
   113 0001:0007E481   114 0001:0007E485   117 0001:0007E49C   118 0001:0007E4AB
   119 0001:0007E4B3   118 0001:0007E4E3   120 0001:0007E4E6   123 0001:0007E4FD
   124 0001:0007E50C   125 0001:0007E514   124 0001:0007E544   126 0001:0007E547
   129 0001:0007E5D0   130 0001:0007E5F7   131 0001:0007E5FF   132 0001:0007E611
   134 0001:0007E625   135 0001:0007E62E   136 0001:0007E635   137 0001:0007E647
   139 0001:0007E65F   133 0001:0007E668   141 0001:0007E67F   144 0001:0007E6A4
   145 0001:0007E6CB   146 0001:0007E6D3   147 0001:0007E6E5   149 0001:0007E6F9
   150 0001:0007E702   151 0001:0007E709   152 0001:0007E71B   153 0001:0007E733
   148 0001:0007E73C   155 0001:0007E753   158 0001:0007E778   159 0001:0007E79F
   160 0001:0007E7A7   161 0001:0007E7B9   163 0001:0007E7CD   164 0001:0007E7D8
   165 0001:0007E7EA   166 0001:0007E802   162 0001:0007E80F   168 0001:0007E81D
   171 0001:0007E844   172 0001:0007E86B   173 0001:0007E873   174 0001:0007E885
   176 0001:0007E899   177 0001:0007E8A4   178 0001:0007E8B6   179 0001:0007E8CE
   175 0001:0007E8DB   181 0001:0007E8E9   185 0001:0007E910   186 0001:0007E912
   187 0001:0007E914   188 0001:0007E916   187 0001:0007E91F   188 0001:0007E924
   186 0001:0007E925   189 0001:0007E92A   190 0001:0007E93F   194 0001:0007E944
   195 0001:0007E951   196 0001:0007E957   197 0001:0007E964   198 0001:0007E96A
   199 0001:0007E977   200 0001:0007E97D   201 0001:0007E98A   202 0001:0007E990
   203 0001:0007E99D   204 0001:0007E9A3   205 0001:0007E9B0   206 0001:0007E9B6
   207 0001:0007E9C3   208 0001:0007E9C9   209 0001:0007E9D6   210 0001:0007E9DC
   211 0001:0007E9E9   212 0001:0007E9EF   213 0001:0007E9FC   214 0001:0007EA02
   215 0001:0007EA0F   216 0001:0007EA15   217 0001:0007EA22   218 0001:0007EA28
   219 0001:0007EA35   220 0001:0007EA3B   221 0001:0007EA48   222 0001:0007EA4E
   223 0001:0007EA5B   224 0001:0007EA61   225 0001:0007EA6E   226 0001:0007EA74
   229 0001:0007EA78   230 0001:0007EA7E   231 0001:0007EA83   232 0001:0007EA8A
   233 0001:0007EA91   234 0001:0007EA98   235 0001:0007EA9F   236 0001:0007EAA6
   237 0001:0007EAAD   238 0001:0007EAB4   239 0001:0007EABB   240 0001:0007EAC2
   241 0001:0007EAC9   242 0001:0007EAD0   243 0001:0007EAD7   244 0001:0007EADE
   245 0001:0007EAE5   246 0001:0007EAEC   247 0001:0007EAF3   248 0001:0007EAFA
   249 0001:0007EB01   250 0001:0007EB08   251 0001:0007EB0F   252 0001:0007EB16
   253 0001:0007EB1D   254 0001:0007EB24   255 0001:0007EB2B   256 0001:0007EB32
   257 0001:0007EB39   258 0001:0007EB40   259 0001:0007EB47   260 0001:0007EB4E
   261 0001:0007EB55   262 0001:0007EB5C   263 0001:0007EB63   264 0001:0007EB6A
   265 0001:0007EB71   266 0001:0007EB78   267 0001:0007EB7F   268 0001:0007EB86
   269 0001:0007EB8D   270 0001:0007EB94   271 0001:0007EB9B   272 0001:0007EBB1
   278 0001:0007EBB4   279 0001:0007EBBC   280 0001:0007EBC1   281 0001:0007EBC8
   282 0001:0007EBCF   283 0001:0007EBD6   284 0001:0007EBDD   285 0001:0007EBE4
   286 0001:0007EBEB   287 0001:0007EBF2   288 0001:0007EBF9   289 0001:0007EC00
   290 0001:0007EC07   291 0001:0007EC0E   292 0001:0007EC15   293 0001:0007EC1C
   294 0001:0007EC23   295 0001:0007EC2A   296 0001:0007EC31   297 0001:0007EC38
   298 0001:0007EC3F   299 0001:0007EC46   300 0001:0007EC4D   301 0001:0007EC54
   302 0001:0007EC5B   303 0001:0007EC62   304 0001:0007EC69   305 0001:0007EC70
   306 0001:0007EC77   307 0001:0007EC7E   308 0001:0007EC85   309 0001:0007EC8C
   310 0001:0007EC93   311 0001:0007EC9A   312 0001:0007ECA1   313 0001:0007ECA8
   314 0001:0007ECAF   315 0001:0007ECB6   316 0001:0007ECBD   317 0001:0007ECC4
   318 0001:0007ECCB   319 0001:0007ECD2   320 0001:0007ECD9   321 0001:0007ECDB
   322 0001:0007ECDD   323 0001:0007ECDF   324 0001:0007ECF8   325 0001:0007ECF9
   322 0001:0007ECFA   326 0001:0007ECFF   321 0001:0007ED00   327 0001:0007ED05
   330 0001:0007ED0C   331 0001:0007ED12   332 0001:0007ED19   333 0001:0007ED20
   334 0001:0007ED27   335 0001:0007ED2E   336 0001:0007ED32   337 0001:0007ED39
   338 0001:0007ED40   339 0001:0007ED47   340 0001:0007ED4E   341 0001:0007ED52
   342 0001:0007ED59   343 0001:0007ED60   344 0001:0007ED67   345 0001:0007ED6E
   346 0001:0007ED72   347 0001:0007ED79   348 0001:0007ED80   349 0001:0007ED87
   350 0001:0007ED8E   351 0001:0007ED92   352 0001:0007ED99   353 0001:0007EDA0
   354 0001:0007EDA7   355 0001:0007EDAE   356 0001:0007EDB2   357 0001:0007EDB9
   358 0001:0007EDC0   359 0001:0007EDC7   360 0001:0007EDCE   361 0001:0007EDD2
   362 0001:0007EDD9   363 0001:0007EDE0   364 0001:0007EDE7   365 0001:0007EDEE
   366 0001:0007EDF2   367 0001:0007EDF9   368 0001:0007EE00   369 0001:0007EE07
   370 0001:0007EE0E   371 0001:0007EE12   372 0001:0007EE19   373 0001:0007EE20
   374 0001:0007EE27   375 0001:0007EE2E   376 0001:0007EE32   377 0001:0007EE39
   378 0001:0007EE40   379 0001:0007EE47   380 0001:0007EE4E   381 0001:0007EE53
   382 0001:0007EE5A   383 0001:0007EE70   388 0001:0007EE74   389 0001:0007EE7C
   390 0001:0007EE83   391 0001:0007EE8A   392 0001:0007EE91   393 0001:0007EE98
   394 0001:0007EE9C   395 0001:0007EEA3   396 0001:0007EEAA   397 0001:0007EEB1
   398 0001:0007EEB8   399 0001:0007EEBC   400 0001:0007EEC3   401 0001:0007EECA
   402 0001:0007EED1   403 0001:0007EED8   404 0001:0007EEDC   405 0001:0007EEE3
   406 0001:0007EEEA   407 0001:0007EEF1   408 0001:0007EEF8   409 0001:0007EEFC
   410 0001:0007EF03   411 0001:0007EF0A   412 0001:0007EF11   413 0001:0007EF18
   414 0001:0007EF1C   415 0001:0007EF23   416 0001:0007EF2A   417 0001:0007EF31
   418 0001:0007EF38   419 0001:0007EF3C   420 0001:0007EF43   421 0001:0007EF4A
   422 0001:0007EF51   423 0001:0007EF58   424 0001:0007EF5C   425 0001:0007EF63
   426 0001:0007EF6A   427 0001:0007EF71   428 0001:0007EF78   429 0001:0007EF7C
   430 0001:0007EF83   431 0001:0007EF8A   432 0001:0007EF91   433 0001:0007EF98
   434 0001:0007EF9C   435 0001:0007EFA3   436 0001:0007EFAA   437 0001:0007EFB1
   438 0001:0007EFB8   439 0001:0007EFBD   440 0001:0007EFC4   441 0001:0007EFC6
   442 0001:0007EFC8   443 0001:0007EFCA   444 0001:0007EFE3   445 0001:0007EFE4
   442 0001:0007EFE5   446 0001:0007EFEA   441 0001:0007EFEB   447 0001:0007EFF0
   452 0001:0007EFF8   453 0001:0007F021   454 0001:0007F02B   455 0001:0007F04B
   456 0001:0007F086   453 0001:0007F087   457 0001:0007F08C   461 0001:0007F0BC
   462 0001:0007F0C2   463 0001:0007F0CA   462 0001:0007F0CE   464 0001:0007F0D1
   465 0001:0007F0D6   466 0001:0007F0DF   468 0001:0007F0E1   469 0001:0007F0E6
   470 0001:0007F0E9   472 0001:0007F0EB   473 0001:0007F0EE   477 0001:0007F0F4
   478 0001:0007F10C   479 0001:0007F116   478 0001:0007F127   480 0001:0007F12A
   489 0001:0007F13C   490 0001:0007F159   491 0001:0007F15B   492 0001:0007F15D
   491 0001:0007F174   492 0001:0007F179   490 0001:0007F17A   493 0001:0007F17F
   494 0001:0007F184   495 0001:0007F189   494 0001:0007F198   496 0001:0007F19D
   497 0001:0007F1AF   498 0001:0007F1C1   499 0001:0007F1D7   500 0001:0007F1F7
   502 0001:0007F20F   503 0001:0007F214   502 0001:0007F223   504 0001:0007F228
   505 0001:0007F240   506 0001:0007F245   505 0001:0007F254   507 0001:0007F259
   493 0001:0007F25A   508 0001:0007F263   514 0001:0007F274   516 0001:0007F27A
   517 0001:0007F284   518 0001:0007F28C   519 0001:0007F294   520 0001:0007F29C
   522 0001:0007F29F   523 0001:0007F2A5   524 0001:0007F2AC   525 0001:0007F2B3
   526 0001:0007F2BA   527 0001:0007F2C4   528 0001:0007F2CC   529 0001:0007F2D4
   530 0001:0007F2DC   531 0001:0007F2DF   532 0001:0007F2E5   533 0001:0007F2EC
   534 0001:0007F2F3   535 0001:0007F2FA   536 0001:0007F304   537 0001:0007F30C
   538 0001:0007F314   539 0001:0007F31C   540 0001:0007F31F   541 0001:0007F325
   542 0001:0007F32C   543 0001:0007F333   544 0001:0007F33A   545 0001:0007F344
   546 0001:0007F34C   547 0001:0007F354   548 0001:0007F35C   549 0001:0007F35F
   550 0001:0007F365   551 0001:0007F36C   552 0001:0007F373   553 0001:0007F37A
   559 0001:0007F37C   560 0001:0007F381   561 0001:0007F387   562 0001:0007F38E
   563 0001:0007F395   564 0001:0007F39C   565 0001:0007F3A2   566 0001:0007F3A8
   567 0001:0007F3B2   568 0001:0007F3B9   569 0001:0007F3C0   570 0001:0007F3C6
   571 0001:0007F3D0   572 0001:0007F3D6   573 0001:0007F3DD   574 0001:0007F3E4
   575 0001:0007F3EB   576 0001:0007F3F1   582 0001:0007F3F4   583 0001:0007F3F9
   584 0001:0007F3FF   585 0001:0007F409   586 0001:0007F410   587 0001:0007F417
   588 0001:0007F41D   589 0001:0007F427   590 0001:0007F42D   591 0001:0007F437
   592 0001:0007F43E   593 0001:0007F445   594 0001:0007F44B   595 0001:0007F455
   596 0001:0007F45B   597 0001:0007F462   598 0001:0007F469   599 0001:0007F470
   600 0001:0007F476   603 0001:0007F478   604 0001:0007F47E   605 0001:0007F489
   606 0001:0007F494   607 0001:0007F49F   608 0001:0007F4AA   609 0001:0007F4B5
   610 0001:0007F4C0   611 0001:0007F4CB   612 0001:0007F4D6   613 0001:0007F4E1
   614 0001:0007F4EC   615 0001:0007F4F7   616 0001:0007F502   617 0001:0007F50D
   618 0001:0007F518   619 0001:0007F523   620 0001:0007F52E   623 0001:0007F530
   624 0001:0007F536   625 0001:0007F541   626 0001:0007F54C   627 0001:0007F557
   628 0001:0007F562   629 0001:0007F56D   630 0001:0007F578   631 0001:0007F583
   632 0001:0007F58E   633 0001:0007F599   634 0001:0007F5A4   635 0001:0007F5AF
   636 0001:0007F5BA   637 0001:0007F5C5   638 0001:0007F5D0   639 0001:0007F5DB
   640 0001:0007F5E6   644 0001:0007F5E8   645 0001:0007F5F0   647 0001:0007F617
   648 0001:0007F619   653 0001:0007F61C   654 0001:0007F625   655 0001:0007F62B
   656 0001:0007F632   657 0001:0007F639   658 0001:0007F640   659 0001:0007F647
   660 0001:0007F64E   661 0001:0007F655   662 0001:0007F65C   663 0001:0007F663
   664 0001:0007F66A   665 0001:0007F671   666 0001:0007F678   667 0001:0007F67F
   668 0001:0007F686   669 0001:0007F68D   671 0001:0007F694   672 0001:0007F6BA
   673 0001:0007F6E0   674 0001:0007F706   676 0001:0007F72C   677 0001:0007F753
   678 0001:0007F77A   679 0001:0007F7A1   681 0001:0007F7C8   682 0001:0007F7EF
   683 0001:0007F816   684 0001:0007F83D   686 0001:0007F864   687 0001:0007F88B
   688 0001:0007F8B2   689 0001:0007F8D9   691 0001:0007F900   696 0001:0007F904
   697 0001:0007F90D   698 0001:0007F913   699 0001:0007F91A   700 0001:0007F921
   701 0001:0007F928   702 0001:0007F92F   703 0001:0007F936   704 0001:0007F93D
   705 0001:0007F944   706 0001:0007F94B   707 0001:0007F952   708 0001:0007F959
   709 0001:0007F960   710 0001:0007F967   711 0001:0007F96E   712 0001:0007F975
   714 0001:0007F97C   715 0001:0007F9BE   716 0001:0007FA00   717 0001:0007FA42
   719 0001:0007FA84   720 0001:0007FAC7   721 0001:0007FB0A   722 0001:0007FB4D
   724 0001:0007FB90   725 0001:0007FBD3   726 0001:0007FC16   727 0001:0007FC59
   729 0001:0007FC9C   730 0001:0007FCDF   731 0001:0007FD22   732 0001:0007FD65
   734 0001:0007FDA8   736 0001:0007FDB2

Line numbers for BTAES128(BTAES128.dpr) segment .itext

    47 0002:00000568    48 0002:000005A6    52 0002:000005F2    53 0002:00000608
    55 0002:0000060D    56 0002:00000629    57 0002:00000632    58 0002:0000064E
    60 0002:00000657    61 0002:0000066D    63 0002:00000672    64 0002:0000067E
    65 0002:00000694    66 0002:000006AA    67 0002:000006C4    68 0002:000006C7
    69 0002:000006CA    70 0002:000006DE    71 0002:000006E0    72 0002:000006FA
    73 0002:000006FD    74 0002:00000700    75 0002:00000714    76 0002:00000716
    77 0002:00000724    78 0002:0000072B    80 0002:00000737    81 0002:00000740
    82 0002:00000756    84 0002:00000777    85 0002:00000780    86 0002:00000796
    88 0002:000007B7    89 0002:000007C3    90 0002:000007CF    91 0002:000007E5
    92 0002:00000807    93 0002:0000081D    94 0002:00000829    95 0002:00000835
    96 0002:00000844    97 0002:00000853    98 0002:0000085C

Bound resource files

c:\program files (x86)\embarcadero\rad studio\7.0\lib\Character.res
BTAES128.drf


Program entry point at 0002:00000568
