
 Start         Length     Name                   Class
 0001:00401000 00003314H .text                   CODE
 0002:00405000 00000128H .itext                  ICODE
 0003:00406000 00000044H .data                   DATA
 0004:00407000 00000020H .bss                    BSS
 0005:00000000 00000000H .tls                    TLS


Detailed map of segments

 0001:00000000 000000BE C=CODE     S=.text    G=(none)   M=System   ACBP=A9
 0001:000000C0 000001C3 C=CODE     S=.text    G=(none)   M=SysInit  ACBP=A9
 0001:00000284 000000A9 C=CODE     S=.text    G=(none)   M=Windows  ACBP=A9
 0001:00000330 0000004E C=CODE     S=.text    G=(none)   M=SysUtils ACBP=A9
 0001:00000380 0000000E C=CODE     S=.text    G=(none)   M=Forms    ACBP=A9
 0001:00000390 00000006 C=CODE     S=.text    G=(none)   M=UxTheme  ACBP=A9
 0001:00000398 00000006 C=CODE     S=.text    G=(none)   M=SyncObjs ACBP=A9
 0001:000003A0 0000000E C=CODE     S=.text    G=(none)   M=Classes  ACBP=A9
 0001:000003B0 00000006 C=CODE     S=.text    G=(none)   M=TypInfo  ACBP=A9
 0001:000003B8 00000006 C=CODE     S=.text    G=(none)   M=Variants ACBP=A9
 0001:000003C0 00000006 C=CODE     S=.text    G=(none)   M=VarUtils ACBP=A9
 0001:000003C8 00000006 C=CODE     S=.text    G=(none)   M=TimeSpan ACBP=A9
 0001:000003D0 00000006 C=CODE     S=.text    G=(none)   M=HelpIntfs ACBP=A9
 0001:000003D8 00000006 C=CODE     S=.text    G=(none)   M=MultiMon ACBP=A9
 0001:000003E0 00000006 C=CODE     S=.text    G=(none)   M=ActnList ACBP=A9
 0001:000003E8 00000006 C=CODE     S=.text    G=(none)   M=Graphics ACBP=A9
 0001:000003F0 00000006 C=CODE     S=.text    G=(none)   M=Registry ACBP=A9
 0001:000003F8 00000006 C=CODE     S=.text    G=(none)   M=IniFiles ACBP=A9
 0001:00000400 0000000E C=CODE     S=.text    G=(none)   M=IOUtils  ACBP=A9
 0001:00000410 00000006 C=CODE     S=.text    G=(none)   M=Themes   ACBP=A9
 0001:00000418 00000006 C=CODE     S=.text    G=(none)   M=Controls ACBP=A9
 0001:00000420 00000006 C=CODE     S=.text    G=(none)   M=Menus    ACBP=A9
 0001:00000428 00000006 C=CODE     S=.text    G=(none)   M=Dialogs  ACBP=A9
 0001:00000430 00000006 C=CODE     S=.text    G=(none)   M=ComCtrls ACBP=A9
 0001:00000438 00000006 C=CODE     S=.text    G=(none)   M=GraphUtil ACBP=A9
 0001:00000440 00000006 C=CODE     S=.text    G=(none)   M=ExtCtrls ACBP=A9
 0001:00000448 00000006 C=CODE     S=.text    G=(none)   M=Printers ACBP=A9
 0001:00000450 00000006 C=CODE     S=.text    G=(none)   M=Clipbrd  ACBP=A9
 0001:00000458 00000006 C=CODE     S=.text    G=(none)   M=FlatSB   ACBP=A9
 0001:00000460 00002C0B C=CODE     S=.text    G=(none)   M=Logger   ACBP=A9
 0001:0000306C 000002A7 C=CODE     S=.text    G=(none)   M=.Log     ACBP=A9
 0002:00000000 00000006 C=ICODE    S=.itext   G=(none)   M=System   ACBP=A9
 0002:00000008 00000016 C=ICODE    S=.itext   G=(none)   M=Windows  ACBP=A9
 0002:00000020 0000001E C=ICODE    S=.itext   G=(none)   M=SysUtils ACBP=A9
 0002:00000040 00000006 C=ICODE    S=.itext   G=(none)   M=Forms    ACBP=A9
 0002:00000048 00000006 C=ICODE    S=.itext   G=(none)   M=UxTheme  ACBP=A9
 0002:00000050 00000006 C=ICODE    S=.itext   G=(none)   M=SyncObjs ACBP=A9
 0002:00000058 0000000E C=ICODE    S=.itext   G=(none)   M=Classes  ACBP=A9
 0002:00000068 00000006 C=ICODE    S=.itext   G=(none)   M=TypInfo  ACBP=A9
 0002:00000070 00000006 C=ICODE    S=.itext   G=(none)   M=Variants ACBP=A9
 0002:00000078 00000006 C=ICODE    S=.itext   G=(none)   M=VarUtils ACBP=A9
 0002:00000080 00000006 C=ICODE    S=.itext   G=(none)   M=TimeSpan ACBP=A9
 0002:00000088 00000006 C=ICODE    S=.itext   G=(none)   M=HelpIntfs ACBP=A9
 0002:00000090 00000006 C=ICODE    S=.itext   G=(none)   M=MultiMon ACBP=A9
 0002:00000098 00000006 C=ICODE    S=.itext   G=(none)   M=ActnList ACBP=A9
 0002:000000A0 00000006 C=ICODE    S=.itext   G=(none)   M=Graphics ACBP=A9
 0002:000000A8 00000006 C=ICODE    S=.itext   G=(none)   M=Registry ACBP=A9
 0002:000000B0 00000006 C=ICODE    S=.itext   G=(none)   M=IniFiles ACBP=A9
 0002:000000B8 0000000E C=ICODE    S=.itext   G=(none)   M=IOUtils  ACBP=A9
 0002:000000C8 00000006 C=ICODE    S=.itext   G=(none)   M=Themes   ACBP=A9
 0002:000000D0 00000006 C=ICODE    S=.itext   G=(none)   M=Controls ACBP=A9
 0002:000000D8 00000006 C=ICODE    S=.itext   G=(none)   M=Menus    ACBP=A9
 0002:000000E0 00000006 C=ICODE    S=.itext   G=(none)   M=Dialogs  ACBP=A9
 0002:000000E8 00000006 C=ICODE    S=.itext   G=(none)   M=ComCtrls ACBP=A9
 0002:000000F0 00000006 C=ICODE    S=.itext   G=(none)   M=GraphUtil ACBP=A9
 0002:000000F8 00000006 C=ICODE    S=.itext   G=(none)   M=ExtCtrls ACBP=A9
 0002:00000100 00000006 C=ICODE    S=.itext   G=(none)   M=Printers ACBP=A9
 0002:00000108 00000006 C=ICODE    S=.itext   G=(none)   M=Clipbrd  ACBP=A9
 0002:00000110 00000006 C=ICODE    S=.itext   G=(none)   M=FlatSB   ACBP=A9
 0002:00000118 00000008 C=ICODE    S=.itext   G=(none)   M=Logger   ACBP=A9
 0002:00000120 00000005 C=ICODE    S=.itext   G=(none)   M=.Log     ACBP=A9
 0003:00000000 00000030 C=DATA     S=.data    G=DGROUP   M=SysInit  ACBP=A9
 0003:00000030 0000000C C=DATA     S=.data    G=DGROUP   M=Windows  ACBP=A9
 0004:00000000 0000000C C=BSS      S=.bss     G=DGROUP   M=SysInit  ACBP=A9
 0004:0000000C 00000008 C=BSS      S=.bss     G=DGROUP   M=Windows  ACBP=A9
 0004:00000014 0000000C C=BSS      S=.bss     G=DGROUP   M=Logger   ACBP=A9


  Address             Publics by Name

 0002:00000120       .Log..Log
 0001:000032F4       .Log.@GetPackageInfoTable
 0001:000032FC       .Log.@PackageLoad
 0001:00003308       .Log.@PackageUnload
 0002:00000098       ActnList.ActnList
 0001:000003E0       ActnList.Finalization
 0002:00000060       Classes.Classes
 0001:000003A8       Classes.Finalization
 0002:00000058       Classes.TThread.Create@
 0001:000003A0       Classes.TThread.Destroy@
 0002:00000108       Clipbrd.Clipbrd
 0001:00000450       Clipbrd.Finalization
 0002:000000E8       ComCtrls.ComCtrls
 0001:00000430       ComCtrls.Finalization
 0002:000000D0       Controls.Controls
 0001:00000418       Controls.Finalization
 0002:000000E0       Dialogs.Dialogs
 0001:00000428       Dialogs.Finalization
 0002:000000F8       ExtCtrls.ExtCtrls
 0001:00000440       ExtCtrls.Finalization
 0001:00000458       FlatSB.Finalization
 0002:00000110       FlatSB.FlatSB
 0001:00000388       Forms.Finalization
 0002:00000040       Forms.Forms
 0001:00000380       Forms.TApplication.GetTitle
 0001:000003E8       Graphics.Finalization
 0002:000000A0       Graphics.Graphics
 0001:00000438       GraphUtil.Finalization
 0002:000000F0       GraphUtil.GraphUtil
 0001:000003D0       HelpIntfs.Finalization
 0002:00000088       HelpIntfs.HelpIntfs
 0001:000003F8       IniFiles.Finalization
 0002:000000B0       IniFiles.IniFiles
 0001:00000408       IOUtils.Finalization
 0002:000000C0       IOUtils.IOUtils
 0002:000000B8       IOUtils.TPath.Create@
 0001:00000400       IOUtils.TPath.Destroy@
 0004:00000014       Logger..1
 0001:00003064       Logger.Finalization
 0004:00000018       Logger.HConsole
 0001:00002D40       Logger.Initialize
 0004:0000001C       Logger.IsLoggerEnabled
 0001:00002B80       Logger.Log
 0001:00002C78       Logger.Log
 0001:00002A78       Logger.Log
 0002:00000118       Logger.Logger
 0001:00000460       Logger.PByteToHex
 0001:00002F70       Logger.Printf
 0001:00002FE8       Logger.Printf
 0001:00002F00       Logger.Printf
 0001:00002ED8       Logger.Terminate
 0001:00000420       Menus.Finalization
 0002:000000D8       Menus.Menus
 0001:000003D8       MultiMon.Finalization
 0002:00000090       MultiMon.MultiMon
 0001:00000448       Printers.Finalization
 0002:00000100       Printers.Printers
 0001:000003F0       Registry.Finalization
 0002:000000A8       Registry.Registry
 0001:00000398       SyncObjs.Finalization
 0002:00000050       SyncObjs.SyncObjs
 0001:00000208       SysInit.@InitPkg
 0001:0000026C       SysInit.@PackageLoad
 0001:00000278       SysInit.@PackageUnload
 0001:000000F8       SysInit.AllocTlsBuffer
 0001:000001B4       SysInit.ExitProcessTLS
 0001:0000017C       SysInit.ExitThreadTLS
 0001:000000C0       SysInit.FreeLibrary
 0001:00000104       SysInit.GetTlsSize
 0004:00000004       SysInit.HInstance
 0001:000001D8       SysInit.InitializeModule
 0001:00000150       SysInit.InitProcessTLS
 0001:0000010C       SysInit.InitThreadTLS
 0001:000000C8       SysInit.LocalAlloc
 0001:000000D0       SysInit.LocalFree
 0003:00000004       SysInit.Module
 0004:00000000       SysInit.ModuleIsLib
 0004:00000001       SysInit.ModuleIsPackage
 0001:000000D8       SysInit.TlsAlloc
 0004:00000008       SysInit.tlsBuffer
 0001:000000E0       SysInit.TlsFree
 0001:000000E8       SysInit.TlsGetValue
 0003:00000000       SysInit.TlsIndex
 0005:00000000       SysInit.TlsLast
 0003:00000020       SysInit.TlsProc
 0001:000000F0       SysInit.TlsSetValue
 0001:000001E4       SysInit.UninitializeModule
 0001:00000028       System.@DoneExcept
 0001:00000048       System.@EnsureUnicodeString
 0001:00000008       System.@Flush
 0001:00000018       System.@HandleAnyException
 0001:00000020       System.@HandleFinally
 0001:00000030       System.@PackageLoad
 0001:00000038       System.@PackageUnload
 0001:00000040       System.@RunError
 0001:000000A0       System.@UniqueStringU
 0001:00000050       System.@UStrAddRef
 0001:00000060       System.@UStrArrayClr
 0001:00000068       System.@UStrAsg
 0001:00000080       System.@UStrCat
 0001:00000088       System.@UStrCat3
 0001:00000090       System.@UStrCatN
 0001:00000058       System.@UStrClr
 0001:00000078       System.@UStrLen
 0001:00000070       System.@UStrToPWChar
 0001:00000098       System.@Write0UString
 0001:00000010       System.@WriteLn
 0001:00000000       System.@_IOTest
 0001:000000B8       System.Finalization
 0001:000000A8       System.RegisterModule
 0002:00000000       System.System
 0001:000000B0       System.UnregisterModule
 0002:00000030       SysUtils.Exception.Create@
 0001:00000360       SysUtils.Exception.Destroy@
 0001:00000378       SysUtils.Finalization
 0001:00000348       SysUtils.Format
 0001:00000358       SysUtils.FormatDateTime
 0001:00000340       SysUtils.IntToHex
 0001:00000338       SysUtils.IntToStr
 0001:00000330       SysUtils.IntToStr
 0001:00000350       SysUtils.Now
 0002:00000038       SysUtils.SysUtils
 0002:00000028       SysUtils.TEncoding.Create@
 0001:00000370       SysUtils.TEncoding.Destroy@
 0002:00000020       SysUtils.TLanguages.Create@
 0001:00000368       SysUtils.TLanguages.Destroy@
 0001:00000410       Themes.Finalization
 0002:000000C8       Themes.Themes
 0002:00000080       TimeSpan.TTimeSpan.Create@
 0001:000003C8       TimeSpan.TTimeSpan.Destroy@
 0001:000003B0       TypInfo.Finalization
 0002:00000068       TypInfo.TypInfo
 0001:00000390       UxTheme.Finalization
 0002:00000048       UxTheme.UxTheme
 0001:000003B8       Variants.Finalization
 0002:00000070       Variants.Variants
 0001:000003C0       VarUtils.Finalization
 0002:00000078       VarUtils.VarUtils
 0004:0000000C       Windows..2
 0001:00000284       Windows.AllocConsole
 0001:0000028C       Windows.CloseHandle
 0001:00000310       Windows.Finalization
 0001:00000294       Windows.FreeLibrary
 0001:0000029C       Windows.GetCurrentProcessId
 0001:000002A4       Windows.GetStdHandle
 0001:000002AC       Windows.GetVersionEx
 0004:00000010       Windows.HtmlHelpModule
 0001:000002D4       Windows.InitVersionInfo
 0001:000002CC       Windows.MessageBox
 0001:000002B4       Windows.SetConsoleTitle
 0003:00000030       Windows.Win32MajorVersion
 0003:00000034       Windows.Win32MinorVersion
 0003:00000038       Windows.Win32Platform
 0002:00000008       Windows.Windows
 0001:000002BC       Windows.WriteConsoleA
 0001:000002C4       Windows.WriteConsoleW


  Address             Publics by Value

 0001:00000000       System.@_IOTest
 0001:00000008       System.@Flush
 0001:00000010       System.@WriteLn
 0001:00000018       System.@HandleAnyException
 0001:00000020       System.@HandleFinally
 0001:00000028       System.@DoneExcept
 0001:00000030       System.@PackageLoad
 0001:00000038       System.@PackageUnload
 0001:00000040       System.@RunError
 0001:00000048       System.@EnsureUnicodeString
 0001:00000050       System.@UStrAddRef
 0001:00000058       System.@UStrClr
 0001:00000060       System.@UStrArrayClr
 0001:00000068       System.@UStrAsg
 0001:00000070       System.@UStrToPWChar
 0001:00000078       System.@UStrLen
 0001:00000080       System.@UStrCat
 0001:00000088       System.@UStrCat3
 0001:00000090       System.@UStrCatN
 0001:00000098       System.@Write0UString
 0001:000000A0       System.@UniqueStringU
 0001:000000A8       System.RegisterModule
 0001:000000B0       System.UnregisterModule
 0001:000000B8       System.Finalization
 0001:000000C0       SysInit.FreeLibrary
 0001:000000C8       SysInit.LocalAlloc
 0001:000000D0       SysInit.LocalFree
 0001:000000D8       SysInit.TlsAlloc
 0001:000000E0       SysInit.TlsFree
 0001:000000E8       SysInit.TlsGetValue
 0001:000000F0       SysInit.TlsSetValue
 0001:000000F8       SysInit.AllocTlsBuffer
 0001:00000104       SysInit.GetTlsSize
 0001:0000010C       SysInit.InitThreadTLS
 0001:00000150       SysInit.InitProcessTLS
 0001:0000017C       SysInit.ExitThreadTLS
 0001:000001B4       SysInit.ExitProcessTLS
 0001:000001D8       SysInit.InitializeModule
 0001:000001E4       SysInit.UninitializeModule
 0001:00000208       SysInit.@InitPkg
 0001:0000026C       SysInit.@PackageLoad
 0001:00000278       SysInit.@PackageUnload
 0001:00000284       Windows.AllocConsole
 0001:0000028C       Windows.CloseHandle
 0001:00000294       Windows.FreeLibrary
 0001:0000029C       Windows.GetCurrentProcessId
 0001:000002A4       Windows.GetStdHandle
 0001:000002AC       Windows.GetVersionEx
 0001:000002B4       Windows.SetConsoleTitle
 0001:000002BC       Windows.WriteConsoleA
 0001:000002C4       Windows.WriteConsoleW
 0001:000002CC       Windows.MessageBox
 0001:000002D4       Windows.InitVersionInfo
 0001:00000310       Windows.Finalization
 0001:00000330       SysUtils.IntToStr
 0001:00000338       SysUtils.IntToStr
 0001:00000340       SysUtils.IntToHex
 0001:00000348       SysUtils.Format
 0001:00000350       SysUtils.Now
 0001:00000358       SysUtils.FormatDateTime
 0001:00000360       SysUtils.Exception.Destroy@
 0001:00000368       SysUtils.TLanguages.Destroy@
 0001:00000370       SysUtils.TEncoding.Destroy@
 0001:00000378       SysUtils.Finalization
 0001:00000380       Forms.TApplication.GetTitle
 0001:00000388       Forms.Finalization
 0001:00000390       UxTheme.Finalization
 0001:00000398       SyncObjs.Finalization
 0001:000003A0       Classes.TThread.Destroy@
 0001:000003A8       Classes.Finalization
 0001:000003B0       TypInfo.Finalization
 0001:000003B8       Variants.Finalization
 0001:000003C0       VarUtils.Finalization
 0001:000003C8       TimeSpan.TTimeSpan.Destroy@
 0001:000003D0       HelpIntfs.Finalization
 0001:000003D8       MultiMon.Finalization
 0001:000003E0       ActnList.Finalization
 0001:000003E8       Graphics.Finalization
 0001:000003F0       Registry.Finalization
 0001:000003F8       IniFiles.Finalization
 0001:00000400       IOUtils.TPath.Destroy@
 0001:00000408       IOUtils.Finalization
 0001:00000410       Themes.Finalization
 0001:00000418       Controls.Finalization
 0001:00000420       Menus.Finalization
 0001:00000428       Dialogs.Finalization
 0001:00000430       ComCtrls.Finalization
 0001:00000438       GraphUtil.Finalization
 0001:00000440       ExtCtrls.Finalization
 0001:00000448       Printers.Finalization
 0001:00000450       Clipbrd.Finalization
 0001:00000458       FlatSB.Finalization
 0001:00000460       Logger.PByteToHex
 0001:00002A78       Logger.Log
 0001:00002B80       Logger.Log
 0001:00002C78       Logger.Log
 0001:00002D40       Logger.Initialize
 0001:00002ED8       Logger.Terminate
 0001:00002F00       Logger.Printf
 0001:00002F70       Logger.Printf
 0001:00002FE8       Logger.Printf
 0001:00003064       Logger.Finalization
 0001:000032F4       .Log.@GetPackageInfoTable
 0001:000032FC       .Log.@PackageLoad
 0001:00003308       .Log.@PackageUnload
 0002:00000000       System.System
 0002:00000008       Windows.Windows
 0002:00000020       SysUtils.TLanguages.Create@
 0002:00000028       SysUtils.TEncoding.Create@
 0002:00000030       SysUtils.Exception.Create@
 0002:00000038       SysUtils.SysUtils
 0002:00000040       Forms.Forms
 0002:00000048       UxTheme.UxTheme
 0002:00000050       SyncObjs.SyncObjs
 0002:00000058       Classes.TThread.Create@
 0002:00000060       Classes.Classes
 0002:00000068       TypInfo.TypInfo
 0002:00000070       Variants.Variants
 0002:00000078       VarUtils.VarUtils
 0002:00000080       TimeSpan.TTimeSpan.Create@
 0002:00000088       HelpIntfs.HelpIntfs
 0002:00000090       MultiMon.MultiMon
 0002:00000098       ActnList.ActnList
 0002:000000A0       Graphics.Graphics
 0002:000000A8       Registry.Registry
 0002:000000B0       IniFiles.IniFiles
 0002:000000B8       IOUtils.TPath.Create@
 0002:000000C0       IOUtils.IOUtils
 0002:000000C8       Themes.Themes
 0002:000000D0       Controls.Controls
 0002:000000D8       Menus.Menus
 0002:000000E0       Dialogs.Dialogs
 0002:000000E8       ComCtrls.ComCtrls
 0002:000000F0       GraphUtil.GraphUtil
 0002:000000F8       ExtCtrls.ExtCtrls
 0002:00000100       Printers.Printers
 0002:00000108       Clipbrd.Clipbrd
 0002:00000110       FlatSB.FlatSB
 0002:00000118       Logger.Logger
 0002:00000120       .Log..Log
 0003:00000000       SysInit.TlsIndex
 0003:00000004       SysInit.Module
 0003:00000020       SysInit.TlsProc
 0003:00000030       Windows.Win32MajorVersion
 0003:00000034       Windows.Win32MinorVersion
 0003:00000038       Windows.Win32Platform
 0004:00000000       SysInit.ModuleIsLib
 0004:00000001       SysInit.ModuleIsPackage
 0004:00000004       SysInit.HInstance
 0004:00000008       SysInit.tlsBuffer
 0004:0000000C       Windows..2
 0004:00000010       Windows.HtmlHelpModule
 0004:00000014       Logger..1
 0004:00000018       Logger.HConsole
 0004:0000001C       Logger.IsLoggerEnabled
 0005:00000000       SysInit.TlsLast


Line numbers for Logger(Logger.pas) segment .text

   381 0001:00000460   382 0001:00000463   384 0001:00000878   385 0001:00000886
   386 0001:00000894   387 0001:000008A2   388 0001:000008B0   389 0001:000008BE
   390 0001:000008CC   391 0001:000008DA   392 0001:000008E8   393 0001:000008F6
   394 0001:00000904   395 0001:00000912   396 0001:00000920   397 0001:0000092E
   398 0001:0000093C   399 0001:0000094A   400 0001:00000958   401 0001:00000966
   402 0001:00000974   403 0001:00000982   404 0001:00000990   405 0001:0000099E
   406 0001:000009AC   407 0001:000009BA   408 0001:000009C8   409 0001:000009D6
   410 0001:000009E4   411 0001:000009F2   412 0001:00000A00   413 0001:00000A0E
   414 0001:00000A1C   415 0001:00000A2A   416 0001:00000A38   417 0001:00000A46
   418 0001:00000A54   419 0001:00000A62   420 0001:00000A70   421 0001:00000A7E
   422 0001:00000A8C   423 0001:00000A9A   424 0001:00000AA8   425 0001:00000AB6
   426 0001:00000AC4   427 0001:00000AD2   428 0001:00000AE0   429 0001:00000AEE
   430 0001:00000AFC   431 0001:00000B0A   432 0001:00000B18   433 0001:00000B26
   434 0001:00000B34   435 0001:00000B42   436 0001:00000B50   437 0001:00000B5E
   438 0001:00000B6C   439 0001:00000B7A   440 0001:00000B88   441 0001:00000B96
   442 0001:00000BA4   443 0001:00000BB2   444 0001:00000BC0   445 0001:00000BCE
   446 0001:00000BDC   447 0001:00000BEA   448 0001:00000BF8   449 0001:00000C06
   450 0001:00000C14   451 0001:00000C22   452 0001:00000C30   453 0001:00000C3E
   454 0001:00000C4C   455 0001:00000C5A   456 0001:00000C68   457 0001:00000C76
   458 0001:00000C84   459 0001:00000C92   460 0001:00000CA0   461 0001:00000CAE
   462 0001:00000CBC   463 0001:00000CCA   464 0001:00000CD8   465 0001:00000CE6
   466 0001:00000CF4   467 0001:00000D02   468 0001:00000D10   469 0001:00000D1E
   470 0001:00000D2C   471 0001:00000D3A   472 0001:00000D48   473 0001:00000D56
   474 0001:00000D64   475 0001:00000D72   476 0001:00000D80   477 0001:00000D8E
   478 0001:00000D9C   479 0001:00000DAA   480 0001:00000DB8   481 0001:00000DC6
   482 0001:00000DD4   483 0001:00000DE2   484 0001:00000DF0   485 0001:00000DFE
   486 0001:00000E0C   487 0001:00000E1A   488 0001:00000E28   489 0001:00000E36
   490 0001:00000E44   491 0001:00000E52   492 0001:00000E60   493 0001:00000E6E
   494 0001:00000E7C   495 0001:00000E8A   496 0001:00000E98   497 0001:00000EA6
   498 0001:00000EB4   499 0001:00000EC2   500 0001:00000ED0   501 0001:00000EDE
   502 0001:00000EEC   503 0001:00000EFA   504 0001:00000F08   505 0001:00000F16
   506 0001:00000F24   507 0001:00000F32   508 0001:00000F40   509 0001:00000F4E
   510 0001:00000F5C   511 0001:00000F6A   512 0001:00000F78   513 0001:00000F86
   514 0001:00000F94   515 0001:00000FA2   516 0001:00000FB0   517 0001:00000FBE
   518 0001:00000FCC   519 0001:00000FDA   520 0001:00000FE8   521 0001:00000FF6
   522 0001:00001004   523 0001:00001012   524 0001:00001020   525 0001:0000102E
   526 0001:0000103C   527 0001:0000104A   528 0001:00001058   529 0001:00001066
   530 0001:00001074   531 0001:00001082   532 0001:00001090   533 0001:0000109E
   534 0001:000010AC   535 0001:000010BA   536 0001:000010C8   537 0001:000010D6
   538 0001:000010E4   539 0001:000010F2   540 0001:00001100   541 0001:0000110E
   542 0001:0000111C   543 0001:0000112A   544 0001:00001138   545 0001:00001146
   546 0001:00001154   547 0001:00001162   548 0001:00001170   549 0001:0000117E
   550 0001:0000118C   551 0001:0000119A   552 0001:000011A8   553 0001:000011B6
   554 0001:000011C4   555 0001:000011D2   556 0001:000011E0   557 0001:000011EE
   558 0001:000011FC   559 0001:0000120A   560 0001:00001218   561 0001:00001226
   562 0001:00001234   563 0001:00001242   564 0001:00001250   565 0001:0000125E
   566 0001:0000126C   567 0001:0000127A   568 0001:00001288   569 0001:00001296
   570 0001:000012A4   571 0001:000012B2   572 0001:000012C0   573 0001:000012CE
   574 0001:000012DC   575 0001:000012EA   576 0001:000012F8   577 0001:00001306
   578 0001:00001314   579 0001:00001322   580 0001:00001330   581 0001:0000133E
   582 0001:0000134C   583 0001:0000135A   584 0001:00001368   585 0001:00001376
   586 0001:00001384   587 0001:00001392   588 0001:000013A0   589 0001:000013AE
   590 0001:000013BC   591 0001:000013CA   592 0001:000013D8   593 0001:000013E6
   594 0001:000013F4   595 0001:00001402   596 0001:00001410   597 0001:0000141E
   598 0001:0000142C   599 0001:0000143A   600 0001:00001448   601 0001:00001456
   602 0001:00001464   603 0001:00001472   604 0001:00001480   605 0001:0000148E
   606 0001:0000149C   607 0001:000014AA   608 0001:000014B8   609 0001:000014C6
   610 0001:000014D4   611 0001:000014E2   612 0001:000014F0   613 0001:000014FE
   614 0001:0000150C   615 0001:0000151A   616 0001:00001528   617 0001:00001536
   618 0001:00001544   619 0001:00001552   620 0001:00001560   621 0001:0000156E
   622 0001:0000157C   623 0001:0000158A   624 0001:00001598   625 0001:000015A6
   626 0001:000015B4   627 0001:000015C2   628 0001:000015D0   629 0001:000015DE
   630 0001:000015EC   631 0001:000015FA   632 0001:00001608   633 0001:00001616
   634 0001:00001624   635 0001:00001632   636 0001:00001640   637 0001:0000164E
   638 0001:0000165C   639 0001:0000166A   643 0001:00001676   649 0001:00002A78
   650 0001:00002A9A   651 0001:00002AA8   652 0001:00002AB7   653 0001:00002ADF
   655 0001:00002B06   657 0001:00002B1E   662 0001:00002B80   663 0001:00002BA2
   664 0001:00002BB0   665 0001:00002BD8   667 0001:00002BFF   669 0001:00002C17
   674 0001:00002C78   676 0001:00002C97   678 0001:00002CA2   679 0001:00002CA6
   680 0001:00002CA7   681 0001:00002CAF   683 0001:00002CDF   684 0001:00002D00
   676 0001:00002D01   686 0001:00002D04   693 0001:00002D40   694 0001:00002D57
   709 0001:00002D64   711 0001:00002D69   714 0001:00002DD5   730 0001:00002DE1
   731 0001:00002DEB   735 0001:00002ED8   739 0001:00002EE1   740 0001:00002EEA
   742 0001:00002EF5   756 0001:00002EFC   759 0001:00002F00   760 0001:00002F27
   761 0001:00002F2C   762 0001:00002F41   763 0001:00002F46   766 0001:00002F70
   767 0001:00002F95   768 0001:00002F9A   769 0001:00002FBA   770 0001:00002FBF
   773 0001:00002FE8   774 0001:00003010   775 0001:00003015   776 0001:00003037
   777 0001:0000303C   788 0001:00003064

Line numbers for Logger(Logger.pas) segment .itext

   780 0002:00000118   784 0002:0000011F

Line numbers for .Log(Log.dpk) segment .itext

    35 0002:00000120

Bound resource files

Log.res
Log.drf


Program entry point at 0002:00000120
